
> sunrin-algorithm-frontend@0.1.0 dev
> vite --port 5173 --strictPort --host 127.0.0.1


  [32m[1mVITE[22m v7.3.6[39m  [2mready in [0m[1m1676[22m[2m[0m ms[22m

  [32m➜[39m  [1mLocal[22m:   [36mhttp://127.0.0.1:[1m5173[22m/[39m
[2m오후 3:16:13[22m [36m[1m[vite][22m[39m [90m[2m(client)[22m[39m [32mhmr update [39m[2m/src/styles/global.css[22m
[2m오후 3:16:19[22m [36m[1m[vite][22m[39m [90m[2m(client)[22m[39m [32mhmr update [39m[2m/src/styles/global.css[22m
[2m오후 3:16:43[22m [36m[1m[vite][22m[39m [90m[2m(client)[22m[39m [32mhmr update [39m[2m/src/components/Activities.tsx[22m
[2m오후 3:17:06[22m [36m[1m[vite][22m[39m [90m[2m(client)[22m[39m [32mhmr update [39m[2m/src/components/Activities.tsx[22m
[2m오후 3:17:06[22m [36m[1m[vite][22m[39m [90m[2m(client)[22m[39m [32mhmr update [39m[2m/src/components/Curriculum.tsx[22m
[2m오후 3:17:06[22m [36m[1m[vite][22m[39m [90m[2m(client)[22m[39m [32mhmr update [39m[2m/src/components/Curriculum.tsx[22m
[2m오후 3:18:06[22m [36m[1m[vite][22m[39m [90m[2m(client)[22m[39m [32mhmr update [39m[2m/src/components/Activities.tsx[22m
[2m오후 3:21:19[22m [36m[1m[vite][22m[39m [90m[2m(client)[22m[39m [32mhmr update [39m[2m/src/components/Activities.tsx[22m
[2m오후 3:21:19[22m [36m[1m[vite][22m[39m [90m[2m(client)[22m[39m [32mhmr update [39m[2m/src/components/Activities.tsx[22m
[2m오후 3:21:26[22m [36m[1m[vite][22m[39m [90m[2m(client)[22m[39m [32mhmr update [39m[2m/src/components/Activities.tsx[22m
[2m오후 3:21:26[22m [36m[1m[vite][22m[39m [90m[2m(client)[22m[39m [32mhmr update [39m[2m/src/components/Activities.tsx[22m
[2m오후 3:21:26[22m [36m[1m[vite][22m[39m [90m[2m(client)[22m[39m [32mhmr update [39m[2m/src/components/Activities.tsx[22m
[2m오후 3:21:34[22m [36m[1m[vite][22m[39m [90m[2m(client)[22m[39m [32mhmr update [39m[2m/src/components/Activities.tsx[22m
[2m오후 3:22:42[22m [36m[1m[vite][22m[39m [90m[2m(client)[22m[39m [32mhmr update [39m[2m/src/components/Activities.tsx[22m
[2m오후 3:23:20[22m [36m[1m[vite][22m[39m [90m[2m(client)[22m[39m [32mhmr update [39m[2m/src/components/Activities.tsx[22m
[2m오후 3:23:20[22m [36m[1m[vite][22m[39m [90m[2m(client)[22m[39m [32mhmr update [39m[2m/src/components/Activities.tsx[22m
[2m오후 3:23:20[22m [36m[1m[vite][22m[39m [90m[2m(client)[22m[39m [32mhmr update [39m[2m/src/components/Activities.tsx[22m
[2m오후 3:23:28[22m [36m[1m[vite][22m[39m [90m[2m(client)[22m[39m [32mhmr update [39m[2m/src/components/Activities.tsx[22m
[2m오후 3:24:07[22m [36m[1m[vite][22m[39m [90m[2m(client)[22m[39m [32mhmr update [39m[2m/src/components/Activities.tsx[22m
[2m오후 3:24:38[22m [36m[1m[vite][22m[39m [90m[2m(client)[22m[39m [32mhmr update [39m[2m/src/components/Activities.tsx[22m
[2m오후 3:33:30[22m [36m[1m[vite][22m[39m [90m[2m(client)[22m[39m [32mhmr update [39m[2m/src/components/Curriculum.tsx[22m
[2m오후 3:34:47[22m [36m[1m[vite][22m[39m [90m[2m(client)[22m[39m [32mhmr update [39m[2m/src/components/Curriculum.tsx[22m
[2m오후 3:38:49[22m [36m[1m[vite][22m[39m [90m[2m(client)[22m[39m [32mhmr update [39m[2m/src/components/Activities.tsx[22m
[2m오후 3:38:49[22m [36m[1m[vite][22m[39m [90m[2m(client)[22m[39m [33mhmr invalidate [39m[2m/src/components/Activities.tsx[22m Could not Fast Refresh (new export)
[2m오후 3:38:49[22m [36m[1m[vite][22m[39m [90m[2m(client)[22m[39m [32mhmr update [39m[2m/src/App.tsx[22m
[2m오후 3:39:01[22m [36m[1m[vite][22m[39m [90m[2m(client)[22m[39m [32mhmr update [39m[2m/src/components/Activities.tsx[22m
[2m오후 3:39:02[22m [36m[1m[vite][22m[39m [90m[2m(client)[22m[39m [32mhmr update [39m[2m/src/components/Activities.tsx[22m
[2m오후 3:39:13[22m [36m[1m[vite][22m[39m [90m[2m(client)[22m[39m [32mhmr update [39m[2m/src/components/Curriculum.tsx[22m
[2m오후 3:39:37[22m [36m[1m[vite][22m[39m [90m[2m(client)[22m[39m [32mhmr update [39m[2m/src/styles/global.css[22m
[2m오후 3:48:27[22m [36m[1m[vite][22m[39m [90m[2m(client)[22m[39m [32mhmr update [39m[2m/src/components/Activities.tsx[22m
[2m오후 3:48:44[22m [36m[1m[vite][22m[39m [90m[2m(client)[22m[39m [32mhmr update [39m[2m/src/components/Activities.tsx[22m
[2m오후 3:49:01[22m [36m[1m[vite][22m[39m [90m[2m(client)[22m[39m [32mhmr update [39m[2m/src/components/Activities.tsx[22m
[2m오후 3:49:02[22m [36m[1m[vite][22m[39m [90m[2m(client)[22m[39m [32mhmr update [39m[2m/src/components/Activities.tsx[22m
[2m오후 3:49:11[22m [36m[1m[vite][22m[39m [90m[2m(client)[22m[39m [32mhmr update [39m[2m/src/components/Activities.tsx[22m
[2m오후 3:49:43[22m [36m[1m[vite][22m[39m [90m[2m(client)[22m[39m [32mhmr update [39m[2m/src/components/Activities.tsx[22m
[2m오후 3:50:19[22m [36m[1m[vite][22m[39m [90m[2m(client)[22m[39m [32mhmr update [39m[2m/src/components/Curriculum.tsx[22m
[2m오후 3:50:19[22m [36m[1m[vite][22m[39m [90m[2m(client)[22m[39m [32mhmr update [39m[2m/src/styles/global.css[22m
[2m오후 3:51:16[22m [36m[1m[vite][22m[39m [90m[2m(client)[22m[39m [32mhmr update [39m[2m/src/styles/global.css[22m
[2m오후 3:52:27[22m [36m[1m[vite][22m[39m [90m[2m(client)[22m[39m [32mhmr update [39m[2m/src/components/Curriculum.tsx[22m
[2m오후 3:53:37[22m [36m[1m[vite][22m[39m [90m[2m(client)[22m[39m [32mhmr update [39m[2m/src/components/Activities.tsx[22m
[2m오후 3:53:37[22m [36m[1m[vite][22m[39m [90m[2m(client)[22m[39m [32mhmr update [39m[2m/src/components/Curriculum.tsx[22m
[2m오후 3:54:36[22m [36m[1m[vite][22m[39m [90m[2m(client)[22m[39m [32mhmr update [39m[2m/src/components/Activities.tsx[22m
[2m오후 3:54:36[22m [36m[1m[vite][22m[39m [90m[2m(client)[22m[39m [33mhmr invalidate [39m[2m/src/components/Activities.tsx[22m Could not Fast Refresh (new export)
[2m오후 3:54:36[22m [36m[1m[vite][22m[39m [90m[2m(client)[22m[39m [32mhmr update [39m[2m/src/App.tsx, /src/components/Curriculum.tsx[22m
[2m오후 3:54:52[22m [36m[1m[vite][22m[39m [90m[2m(client)[22m[39m [32mhmr update [39m[2m/src/components/Curriculum.tsx[22m
[2m오후 3:55:03[22m [36m[1m[vite][22m[39m [90m[2m(client)[22m[39m [32mhmr update [39m[2m/src/components/Curriculum.tsx[22m
[2m오후 3:56:26[22m [36m[1m[vite][22m[39m [90m[2m(client)[22m[39m [32mhmr update [39m[2m/src/components/Activities.tsx[22m
[2m오후 3:56:26[22m [36m[1m[vite][22m[39m [90m[2m(client)[22m[39m [32mhmr update [39m[2m/src/components/Activities.tsx[22m
[2m오후 3:56:26[22m [36m[1m[vite][22m[39m [90m[2m(client)[22m[39m [33mhmr invalidate [39m[2m/src/components/Activities.tsx[22m Could not Fast Refresh ("treeHoldStart" export is incompatible). Learn more at https://github.com/vitejs/vite-plugin-react/tree/main/packages/plugin-react#consistent-components-exports
[2m오후 3:56:26[22m [36m[1m[vite][22m[39m [90m[2m(client)[22m[39m [32mhmr update [39m[2m/src/App.tsx, /src/components/Curriculum.tsx[22m
[2m오후 3:56:37[22m [36m[1m[vite][22m[39m [90m[2m(client)[22m[39m [32mhmr update [39m[2m/src/components/Curriculum.tsx[22m
[2m오후 3:57:43[22m [36m[1m[vite][22m[39m [90m[2m(client)[22m[39m [32mhmr update [39m[2m/src/components/Curriculum.tsx[22m
[2m오후 3:57:43[22m [36m[1m[vite][22m[39m [90m[2m(client)[22m[39m [32mhmr update [39m[2m/src/components/Contest.tsx[22m
[2m오후 3:58:35[22m [36m[1m[vite][22m[39m [90m[2m(client)[22m[39m [32mhmr update [39m[2m/src/styles/global.css[22m
[2m오후 4:08:54[22m [36m[1m[vite][22m[39m [90m[2m(client)[22m[39m [32mhmr update [39m[2m/src/components/Activities.tsx[22m
[2m오후 4:08:54[22m [36m[1m[vite][22m[39m [90m[2m(client)[22m[39m [33mhmr invalidate [39m[2m/src/components/Activities.tsx[22m Could not Fast Refresh ("treeHoldStart" export is incompatible). Learn more at https://github.com/vitejs/vite-plugin-react/tree/main/packages/plugin-react#consistent-components-exports
[2m오후 4:08:54[22m [36m[1m[vite][22m[39m [90m[2m(client)[22m[39m [32mhmr update [39m[2m/src/App.tsx, /src/components/Curriculum.tsx[22m
[2m오후 4:08:54[22m [36m[1m[vite][22m[39m [90m[2m(client)[22m[39m [32mhmr update [39m[2m/src/components/Curriculum.tsx[22m
[2m오후 4:22:36[22m [36m[1m[vite][22m[39m [90m[2m(client)[22m[39m [32mhmr update [39m[2m/src/App.tsx, /src/components/Curriculum.tsx, /src/components/Corners.tsx, /src/components/About.tsx, /src/components/Contact.tsx, /src/components/Contest.tsx, /src/components/Act1.tsx, /src/components/Activities.tsx, /src/components/DpGrid.tsx, /src/components/Section.tsx[22m
[2m오후 4:22:36[22m [36m[1m[vite][22m[39m [90m[2m(client)[22m[39m [33mhmr invalidate [39m[2m/src/components/Activities.tsx[22m Could not Fast Refresh ("treeHoldStart" export is incompatible). Learn more at https://github.com/vitejs/vite-plugin-react/tree/main/packages/plugin-react#consistent-components-exports
[2m오후 4:22:36[22m [36m[1m[vite][22m[39m [90m[2m(client)[22m[39m [32mhmr update [39m[2m/src/App.tsx, /src/components/Curriculum.tsx[22m
[2m오후 4:22:49[22m [36m[1m[vite][22m[39m [90m[2m(client)[22m[39m [32mhmr update [39m[2m/src/components/Activities.tsx[22m
[2m오후 4:22:49[22m [36m[1m[vite][22m[39m [90m[2m(client)[22m[39m [33mhmr invalidate [39m[2m/src/components/Activities.tsx[22m Could not Fast Refresh (export removed)
[2m오후 4:22:49[22m [36m[1m[vite][22m[39m [90m[2m(client)[22m[39m [32mhmr update [39m[2m/src/App.tsx, /src/components/Curriculum.tsx[22m
[2m오후 4:23:08[22m [36m[1m[vite][22m[39m [90m[2m(client)[22m[39m [32mhmr update [39m[2m/src/components/Curriculum.tsx[22m
[2m오후 4:24:09[22m [36m[1m[vite][22m[39m [90m[2m(client)[22m[39m [32mhmr update [39m[2m/src/components/Curriculum.tsx[22m
[2m오후 4:24:28[22m [36m[1m[vite][22m[39m [90m[2m(client)[22m[39m [32mhmr update [39m[2m/src/components/Contest.tsx[22m
[2m오후 4:24:38[22m [36m[1m[vite][22m[39m [90m[2m(client)[22m[39m [32mhmr update [39m[2m/src/components/Contact.tsx[22m
[2m오후 4:42:01[22m [36m[1m[vite][22m[39m [90m[2m(client)[22m[39m [32mhmr update [39m[2m/src/components/About.tsx[22m
[2m오후 4:42:01[22m [36m[1m[vite][22m[39m [90m[2m(client)[22m[39m [33mhmr invalidate [39m[2m/src/components/About.tsx[22m Could not Fast Refresh (new export)
[2m오후 4:42:01[22m [36m[1m[vite][22m[39m [90m[2m(client)[22m[39m [32mhmr update [39m[2m/src/App.tsx[22m
[2m오후 4:42:18[22m [36m[1m[vite][22m[39m [90m[2m(client)[22m[39m [32mhmr update [39m[2m/src/components/Activities.tsx[22m
[2m오후 4:42:18[22m [36m[1m[vite][22m[39m [90m[2m(client)[22m[39m [33mhmr invalidate [39m[2m/src/components/Activities.tsx[22m Could not Fast Refresh ("treeHoldStart" export is incompatible). Learn more at https://github.com/vitejs/vite-plugin-react/tree/main/packages/plugin-react#consistent-components-exports
[2m오후 4:42:18[22m [36m[1m[vite][22m[39m [90m[2m(client)[22m[39m [32mhmr update [39m[2m/src/App.tsx, /src/components/Curriculum.tsx[22m
[2m오후 4:42:50[22m [36m[1m[vite][22m[39m [90m[2m(client)[22m[39m [32mhmr update [39m[2m/src/components/Curriculum.tsx[22m
[2m오후 4:43:02[22m [36m[1m[vite][22m[39m [90m[2m(client)[22m[39m [32mhmr update [39m[2m/src/components/Curriculum.tsx[22m
[2m오후 4:43:02[22m [36m[1m[vite][22m[39m [90m[2m(client)[22m[39m [32mhmr update [39m[2m/src/components/Contest.tsx[22m
[2m오후 4:43:02[22m [36m[1m[vite][22m[39m [90m[2m(client)[22m[39m [32mhmr update [39m[2m/src/styles/global.css[22m
[2m오후 4:43:02[22m [36m[1m[vite][22m[39m [90m[2m(client)[22m[39m [32mhmr update [39m[2m/src/components/DpGrid.tsx[22m
[2m오후 4:49:34[22m [36m[1m[vite][22m[39m [90m[2m(client)[22m[39m [32mhmr update [39m[2m/src/components/Curriculum.tsx[22m
[2m오후 4:50:56[22m [36m[1m[vite][22m[39m [90m[2m(client)[22m[39m [32mhmr update [39m[2m/src/components/Curriculum.tsx[22m
[2m오후 5:05:09[22m [36m[1m[vite][22m[39m [90m[2m(client)[22m[39m [32mhmr update [39m[2m/src/components/Activities.tsx[22m
[2m오후 5:05:09[22m [36m[1m[vite][22m[39m [90m[2m(client)[22m[39m [33mhmr invalidate [39m[2m/src/components/Activities.tsx[22m Could not Fast Refresh ("treeHoldStart" export is incompatible). Learn more at https://github.com/vitejs/vite-plugin-react/tree/main/packages/plugin-react#consistent-components-exports
[2m오후 5:05:09[22m [36m[1m[vite][22m[39m [90m[2m(client)[22m[39m [32mhmr update [39m[2m/src/App.tsx, /src/components/Curriculum.tsx[22m
[2m오후 5:05:14[22m [36m[1m[vite][22m[39m [90m[2m(client)[22m[39m [32mpage reload [39m[2msrc/main.tsx[22m
[2m오후 5:05:17[22m [36m[1m[vite][22m[39m [90m[2m(client)[22m[39m [32mhmr update [39m[2m/src/components/Act1.tsx[22m
[2m오후 5:05:24[22m [36m[1m[vite][22m[39m [90m[2m(client)[22m[39m [32mhmr update [39m[2m/src/components/Act1.tsx[22m
[2m오후 5:06:37[22m [36m[1m[vite][22m[39m [90m[2m(client)[22m[39m [32mhmr update [39m[2m/src/components/Act1.tsx[22m
[2m오후 5:06:53[22m [36m[1m[vite][22m[39m [90m[2m(client)[22m[39m [32mhmr update [39m[2m/src/components/Act1.tsx[22m
[2m오후 5:33:42[22m [36m[1m[vite][22m[39m [90m[2m(client)[22m[39m [32mhmr update [39m[2m/src/styles/global.css[22m
[2m오후 5:34:22[22m [36m[1m[vite][22m[39m [90m[2m(client)[22m[39m [32mhmr update [39m[2m/src/components/Act1.tsx[22m
[2m오후 5:39:36[22m [36m[1m[vite][22m[39m [90m[2m(client)[22m[39m [32mpage reload [39m[2msrc/main.tsx[22m
[2m오후 5:40:54[22m [36m[1m[vite][22m[39m [90m[2m(client)[22m[39m [32mhmr update [39m[2m/src/App.tsx, /src/components/Curriculum.tsx, /src/components/Corners.tsx, /src/components/About.tsx, /src/components/Contact.tsx, /src/components/Contest.tsx, /src/components/Act1.tsx, /src/components/Activities.tsx, /src/components/DpGrid.tsx, /src/components/Section.tsx[22m
[2m오후 5:40:54[22m [36m[1m[vite][22m[39m [90m[2m(client)[22m[39m [33mhmr invalidate [39m[2m/src/components/About.tsx[22m Could not Fast Refresh ("aboutHoldStart" export is incompatible). Learn more at https://github.com/vitejs/vite-plugin-react/tree/main/packages/plugin-react#consistent-components-exports
[2m오후 5:40:54[22m [36m[1m[vite][22m[39m [90m[2m(client)[22m[39m [32mhmr update [39m[2m/src/App.tsx, /src/components/Activities.tsx[22m
[2m오후 5:40:54[22m [36m[1m[vite][22m[39m [90m[2m(client)[22m[39m [33mhmr invalidate [39m[2m/src/components/Activities.tsx[22m Could not Fast Refresh ("treeHoldStart" export is incompatible). Learn more at https://github.com/vitejs/vite-plugin-react/tree/main/packages/plugin-react#consistent-components-exports
[2m오후 5:40:54[22m [36m[1m[vite][22m[39m [90m[2m(client)[22m[39m [32mhmr update [39m[2m/src/App.tsx, /src/components/Curriculum.tsx[22m
[2m오후 5:41:08[22m [36m[1m[vite][22m[39m [90m[2m(client)[22m[39m [32mhmr update [39m[2m/src/App.tsx, /src/components/Curriculum.tsx, /src/components/Corners.tsx, /src/components/About.tsx, /src/components/Contact.tsx, /src/components/Contest.tsx, /src/components/Act1.tsx, /src/components/Activities.tsx, /src/components/DpGrid.tsx, /src/components/Section.tsx[22m
[2m오후 5:41:08[22m [36m[1m[vite][22m[39m [90m[2m(client)[22m[39m [33mhmr invalidate [39m[2m/src/components/About.tsx[22m Could not Fast Refresh ("aboutHoldStart" export is incompatible). Learn more at https://github.com/vitejs/vite-plugin-react/tree/main/packages/plugin-react#consistent-components-exports
[2m오후 5:41:08[22m [36m[1m[vite][22m[39m [90m[2m(client)[22m[39m [32mhmr update [39m[2m/src/App.tsx, /src/components/Activities.tsx[22m
[2m오후 5:41:08[22m [36m[1m[vite][22m[39m [90m[2m(client)[22m[39m [33mhmr invalidate [39m[2m/src/components/Activities.tsx[22m Could not Fast Refresh ("treeHoldStart" export is incompatible). Learn more at https://github.com/vitejs/vite-plugin-react/tree/main/packages/plugin-react#consistent-components-exports
[2m오후 5:41:08[22m [36m[1m[vite][22m[39m [90m[2m(client)[22m[39m [32mhmr update [39m[2m/src/App.tsx, /src/components/Curriculum.tsx[22m
[2m오후 5:41:24[22m [36m[1m[vite][22m[39m [90m[2m(client)[22m[39m [32mhmr update [39m[2m/src/App.tsx, /src/components/Curriculum.tsx, /src/components/Corners.tsx, /src/components/About.tsx, /src/components/Contact.tsx, /src/components/Contest.tsx, /src/components/Act1.tsx, /src/components/Activities.tsx, /src/components/DpGrid.tsx, /src/components/Section.tsx[22m
[2m오후 5:41:24[22m [36m[1m[vite][22m[39m [90m[2m(client)[22m[39m [33mhmr invalidate [39m[2m/src/components/About.tsx[22m Could not Fast Refresh ("aboutHoldStart" export is incompatible). Learn more at https://github.com/vitejs/vite-plugin-react/tree/main/packages/plugin-react#consistent-components-exports
[2m오후 5:41:24[22m [36m[1m[vite][22m[39m [90m[2m(client)[22m[39m [32mhmr update [39m[2m/src/App.tsx, /src/components/Activities.tsx[22m
[2m오후 5:41:24[22m [36m[1m[vite][22m[39m [90m[2m(client)[22m[39m [33mhmr invalidate [39m[2m/src/components/Activities.tsx[22m Could not Fast Refresh ("treeHoldStart" export is incompatible). Learn more at https://github.com/vitejs/vite-plugin-react/tree/main/packages/plugin-react#consistent-components-exports
[2m오후 5:41:24[22m [36m[1m[vite][22m[39m [90m[2m(client)[22m[39m [32mhmr update [39m[2m/src/App.tsx, /src/components/Curriculum.tsx[22m
[2m오후 5:42:45[22m [36m[1m[vite][22m[39m [90m[2m(client)[22m[39m [32mhmr update [39m[2m/src/App.tsx, /src/components/Curriculum.tsx, /src/components/Corners.tsx, /src/components/About.tsx, /src/components/Contact.tsx, /src/components/Contest.tsx, /src/components/Act1.tsx, /src/components/Activities.tsx, /src/components/DpGrid.tsx, /src/components/Section.tsx[22m
[2m오후 5:42:45[22m [36m[1m[vite][22m[39m [90m[2m(client)[22m[39m [33mhmr invalidate [39m[2m/src/components/About.tsx[22m Could not Fast Refresh ("aboutHoldStart" export is incompatible). Learn more at https://github.com/vitejs/vite-plugin-react/tree/main/packages/plugin-react#consistent-components-exports
[2m오후 5:42:45[22m [36m[1m[vite][22m[39m [90m[2m(client)[22m[39m [32mhmr update [39m[2m/src/App.tsx, /src/components/Activities.tsx[22m
[2m오후 5:42:45[22m [36m[1m[vite][22m[39m [90m[2m(client)[22m[39m [33mhmr invalidate [39m[2m/src/components/Activities.tsx[22m Could not Fast Refresh ("treeHoldStart" export is incompatible). Learn more at https://github.com/vitejs/vite-plugin-react/tree/main/packages/plugin-react#consistent-components-exports
[2m오후 5:42:45[22m [36m[1m[vite][22m[39m [90m[2m(client)[22m[39m [32mhmr update [39m[2m/src/App.tsx, /src/components/Curriculum.tsx[22m
[2m오후 5:43:47[22m [36m[1m[vite][22m[39m [90m[2m(client)[22m[39m [32mhmr update [39m[2m/src/App.tsx, /src/components/Curriculum.tsx, /src/components/Corners.tsx, /src/components/About.tsx, /src/components/Contact.tsx, /src/components/Contest.tsx, /src/components/Act1.tsx, /src/components/Activities.tsx, /src/components/DpGrid.tsx, /src/components/Section.tsx[22m
[2m오후 5:43:47[22m [36m[1m[vite][22m[39m [90m[2m(client)[22m[39m [33mhmr invalidate [39m[2m/src/components/About.tsx[22m Could not Fast Refresh ("aboutHoldStart" export is incompatible). Learn more at https://github.com/vitejs/vite-plugin-react/tree/main/packages/plugin-react#consistent-components-exports
[2m오후 5:43:47[22m [36m[1m[vite][22m[39m [90m[2m(client)[22m[39m [32mhmr update [39m[2m/src/App.tsx, /src/components/Activities.tsx[22m
[2m오후 5:43:47[22m [36m[1m[vite][22m[39m [90m[2m(client)[22m[39m [33mhmr invalidate [39m[2m/src/components/Activities.tsx[22m Could not Fast Refresh ("treeHoldStart" export is incompatible). Learn more at https://github.com/vitejs/vite-plugin-react/tree/main/packages/plugin-react#consistent-components-exports
[2m오후 5:43:47[22m [36m[1m[vite][22m[39m [90m[2m(client)[22m[39m [32mhmr update [39m[2m/src/App.tsx, /src/components/Curriculum.tsx[22m
[2m오후 5:44:57[22m [36m[1m[vite][22m[39m [90m[2m(client)[22m[39m [32mhmr update [39m[2m/src/App.tsx, /src/components/Curriculum.tsx, /src/components/Corners.tsx, /src/components/About.tsx, /src/components/Contact.tsx, /src/components/Contest.tsx, /src/components/Act1.tsx, /src/components/Activities.tsx, /src/components/DpGrid.tsx, /src/components/Section.tsx[22m
[2m오후 5:44:57[22m [36m[1m[vite][22m[39m [90m[2m(client)[22m[39m [33mhmr invalidate [39m[2m/src/components/About.tsx[22m Could not Fast Refresh ("aboutHoldStart" export is incompatible). Learn more at https://github.com/vitejs/vite-plugin-react/tree/main/packages/plugin-react#consistent-components-exports
[2m오후 5:44:57[22m [36m[1m[vite][22m[39m [90m[2m(client)[22m[39m [32mhmr update [39m[2m/src/App.tsx, /src/components/Activities.tsx[22m
[2m오후 5:44:57[22m [36m[1m[vite][22m[39m [90m[2m(client)[22m[39m [33mhmr invalidate [39m[2m/src/components/Activities.tsx[22m Could not Fast Refresh ("treeHoldStart" export is incompatible). Learn more at https://github.com/vitejs/vite-plugin-react/tree/main/packages/plugin-react#consistent-components-exports
[2m오후 5:44:57[22m [36m[1m[vite][22m[39m [90m[2m(client)[22m[39m [32mhmr update [39m[2m/src/App.tsx, /src/components/Curriculum.tsx[22m
[2m오후 5:46:53[22m [36m[1m[vite][22m[39m [90m[2m(client)[22m[39m [32mhmr update [39m[2m/src/components/Act1.tsx[22m
[2m오후 5:47:03[22m [36m[1m[vite][22m[39m [90m[2m(client)[22m[39m [32mhmr update [39m[2m/src/components/Act1.tsx[22m
[2m오후 5:47:11[22m [36m[1m[vite][22m[39m [90m[2m(client)[22m[39m [32mhmr update [39m[2m/src/components/Act1.tsx[22m
[2m오후 5:51:53[22m [36m[1m[vite][22m[39m [90m[2m(client)[22m[39m [32mhmr update [39m[2m/src/components/Corners.tsx[22m
[2m오후 5:51:58[22m [36m[1m[vite][22m[39m [90m[2m(client)[22m[39m [32mhmr update [39m[2m/src/App.tsx, /src/components/Curriculum.tsx, /src/components/Corners.tsx, /src/components/About.tsx, /src/components/Contact.tsx, /src/components/Contest.tsx, /src/components/Act1.tsx, /src/components/Activities.tsx, /src/components/DpGrid.tsx, /src/components/Section.tsx[22m
[2m오후 5:51:58[22m [36m[1m[vite][22m[39m [90m[2m(client)[22m[39m [33mhmr invalidate [39m[2m/src/components/About.tsx[22m Could not Fast Refresh ("aboutHoldStart" export is incompatible). Learn more at https://github.com/vitejs/vite-plugin-react/tree/main/packages/plugin-react#consistent-components-exports
[2m오후 5:51:58[22m [36m[1m[vite][22m[39m [90m[2m(client)[22m[39m [32mhmr update [39m[2m/src/App.tsx, /src/components/Activities.tsx[22m
[2m오후 5:51:58[22m [36m[1m[vite][22m[39m [90m[2m(client)[22m[39m [33mhmr invalidate [39m[2m/src/components/Activities.tsx[22m Could not Fast Refresh ("treeHoldStart" export is incompatible). Learn more at https://github.com/vitejs/vite-plugin-react/tree/main/packages/plugin-react#consistent-components-exports
[2m오후 5:51:58[22m [36m[1m[vite][22m[39m [90m[2m(client)[22m[39m [32mhmr update [39m[2m/src/App.tsx, /src/components/Curriculum.tsx[22m
[2m오후 5:52:02[22m [36m[1m[vite][22m[39m [90m[2m(client)[22m[39m [32mpage reload [39m[2msrc/main.tsx[22m
[2m오후 5:52:08[22m [36m[1m[vite][22m[39m [90m[2m(client)[22m[39m [32mhmr update [39m[2m/src/components/Act1.tsx[22m
[2m오후 5:52:11[22m [36m[1m[vite][22m[39m [90m[2m(client)[22m[39m [32mhmr update [39m[2m/src/components/Act1.tsx[22m
[2m오후 5:52:14[22m [36m[1m[vite][22m[39m [90m[2m(client)[22m[39m [32mhmr update [39m[2m/src/components/Act1.tsx[22m
[2m오후 5:52:54[22m [36m[1m[vite][22m[39m [90m[2m(client)[22m[39m [32mpage reload [39m[2msrc/main.tsx[22m
[2m오후 5:53:23[22m [36m[1m[vite][22m[39m [90m[2m(client)[22m[39m [32mpage reload [39m[2msrc/main.tsx[22m
[2m오후 6:18:58[22m [36m[1m[vite][22m[39m [32mvite.config.ts changed, restarting server...[39m
[2m오후 6:18:58[22m [36m[1m[vite][22m[39m server restarted.

  [32m➜[39m  [1mLocal[22m:   [36mhttp://127.0.0.1:[1m5173[22m/sunrin-algorithm-frontend/[39m
