[2m오후 3:21:26[22m [31m[1m[vite][22m[39m [31mInternal server error: C:\Users\diamo\Deskktoptop\Desktop\School\SHARC\sunrin-algorithm-frontend\src\components\Activities.tsx: Identifier 'root' has already been declared. (132:10)

[0m [90m 130 |[31m     [36mconst[31m tree [33m=[31m wrap[33m.[31mcurrent
 [90m 131 |[31m     [36mconst[31m root [33m=[31m tree[33m?[31m[33m.[31mquerySelector[33m<[31m[33mHTMLElement[31m[33m>[31m([32m'[data-node="0"]'[31m)
[31m[1m>[22m[31m[90m 132 |[31m     [36mconst[31m root [33m=[31m wrap[33m.[31mcurrent[33m?[31m[33m.[31mquerySelector[33m<[31m[33mHTMLElement[31m[33m>[31m([32m'[data-node="0"]'[31m)
 [90m     |[31m           [31m[1m^[22m[31m
 [90m 133 |[31m     [36mif[31m ([33m![31mlead [33m||[31m [33m![31mchip [33m||[31m [33m![31mstage [33m||[31m [33m![31msection [33m||[31m [33m![31mroot) [36mreturn[31m
 [90m 134 |[31m
 [90m 135 |[31m     [36mlet[31m clone[33m:[31m [33mHTMLElement[31m [33m|[31m [36mnull[31m [33m=[31m [36mnull[31m[0m[39m
  Plugin: [35mvite:react-babel[39m
  File: [36mC:/Users/diamo/Deskktoptop/Desktop/School/SHARC/sunrin-algorithm-frontend/src/components/Activities.tsx[39m:132:10
[33m  130 |      const tree = wrap.current
  131 |      const root = tree?.querySelector<HTMLElement>('[data-node="0"]')
  132 |      const root = wrap.current?.querySelector<HTMLElement>('[data-node="0"]')
      |            ^
  133 |      if (!lead || !chip || !stage || !section || !root) return
  134 |  [39m
      at constructor (C:\Users\diamo\Deskktoptop\Desktop\School\SHARC\sunrin-algorithm-frontend\node_modules\.pnpm\@babel+parser@7.29.8\node_modules\@babel\parser\lib\index.js:369:19)
      at TypeScriptParserMixin.raise (C:\Users\diamo\Deskktoptop\Desktop\School\SHARC\sunrin-algorithm-frontend\node_modules\.pnpm\@babel+parser@7.29.8\node_modules\@babel\parser\lib\index.js:6620:19)
      at TypeScriptScopeHandler.checkRedeclarationInScope (C:\Users\diamo\Deskktoptop\Desktop\School\SHARC\sunrin-algorithm-frontend\node_modules\.pnpm\@babel+parser@7.29.8\node_modules\@babel\parser\lib\index.js:1623:19)
      at TypeScriptScopeHandler.declareName (C:\Users\diamo\Deskktoptop\Desktop\School\SHARC\sunrin-algorithm-frontend\node_modules\.pnpm\@babel+parser@7.29.8\node_modules\@babel\parser\lib\index.js:1589:12)
      at TypeScriptScopeHandler.declareName (C:\Users\diamo\Deskktoptop\Desktop\School\SHARC\sunrin-algorithm-frontend\node_modules\.pnpm\@babel+parser@7.29.8\node_modules\@babel\parser\lib\index.js:4896:11)
      at TypeScriptParserMixin.declareNameFromIdentifier (C:\Users\diamo\Deskktoptop\Desktop\School\SHARC\sunrin-algorithm-frontend\node_modules\.pnpm\@babel+parser@7.29.8\node_modules\@babel\parser\lib\index.js:7588:16)
      at TypeScriptParserMixin.checkIdentifier (C:\Users\diamo\Deskktoptop\Desktop\School\SHARC\sunrin-algorithm-frontend\node_modules\.pnpm\@babel+parser@7.29.8\node_modules\@babel\parser\lib\index.js:7584:12)
      at TypeScriptParserMixin.checkLVal (C:\Users\diamo\Deskktoptop\Desktop\School\SHARC\sunrin-algorithm-frontend\node_modules\.pnpm\@babel+parser@7.29.8\node_modules\@babel\parser\lib\index.js:7521:12)
      at TypeScriptParserMixin.parseVarId (C:\Users\diamo\Deskktoptop\Desktop\School\SHARC\sunrin-algorithm-frontend\node_modules\.pnpm\@babel+parser@7.29.8\node_modules\@babel\parser\lib\index.js:13441:10)
      at TypeScriptParserMixin.parseVarId (C:\Users\diamo\Deskktoptop\Desktop\School\SHARC\sunrin-algorithm-frontend\node_modules\.pnpm\@babel+parser@7.29.8\node_modules\@babel\parser\lib\index.js:9773:11)
      at TypeScriptParserMixin.parseVar (C:\Users\diamo\Deskktoptop\Desktop\School\SHARC\sunrin-algorithm-frontend\node_modules\.pnpm\@babel+parser@7.29.8\node_modules\@babel\parser\lib\index.js:13412:12)
      at TypeScriptParserMixin.parseVarStatement (C:\Users\diamo\Deskktoptop\Desktop\School\SHARC\sunrin-algorithm-frontend\node_modules\.pnpm\@babel+parser@7.29.8\node_modules\@babel\parser\lib\index.js:13259:10)
      at TypeScriptParserMixin.parseVarStatement (C:\Users\diamo\Deskktoptop\Desktop\School\SHARC\sunrin-algorithm-frontend\node_modules\.pnpm\@babel+parser@7.29.8\node_modules\@babel\parser\lib\index.js:9429:31)
      at TypeScriptParserMixin.parseStatementContent (C:\Users\diamo\Deskktoptop\Desktop\School\SHARC\sunrin-algorithm-frontend\node_modules\.pnpm\@babel+parser@7.29.8\node_modules\@babel\parser\lib\index.js:12880:23)
      at TypeScriptParserMixin.parseStatementContent (C:\Users\diamo\Deskktoptop\Desktop\School\SHARC\sunrin-algorithm-frontend\node_modules\.pnpm\@babel+parser@7.29.8\node_modules\@babel\parser\lib\index.js:9529:18)
      at TypeScriptParserMixin.parseStatementLike (C:\Users\diamo\Deskktoptop\Desktop\School\SHARC\sunrin-algorithm-frontend\node_modules\.pnpm\@babel+parser@7.29.8\node_modules\@babel\parser\lib\index.js:12796:17)
      at TypeScriptParserMixin.parseStatementListItem (C:\Users\diamo\Deskktoptop\Desktop\School\SHARC\sunrin-algorithm-frontend\node_modules\.pnpm\@babel+parser@7.29.8\node_modules\@babel\parser\lib\index.js:12776:17)
      at TypeScriptParserMixin.parseBlockOrModuleBlockBody (C:\Users\diamo\Deskktoptop\Desktop\School\SHARC\sunrin-algorithm-frontend\node_modules\.pnpm\@babel+parser@7.29.8\node_modules\@babel\parser\lib\index.js:13345:61)
      at TypeScriptParserMixin.parseBlockBody (C:\Users\diamo\Deskktoptop\Desktop\School\SHARC\sunrin-algorithm-frontend\node_modules\.pnpm\@babel+parser@7.29.8\node_modules\@babel\parser\lib\index.js:13338:10)
      at TypeScriptParserMixin.parseBlock (C:\Users\diamo\Deskktoptop\Desktop\School\SHARC\sunrin-algorithm-frontend\node_modules\.pnpm\@babel+parser@7.29.8\node_modules\@babel\parser\lib\index.js:13326:10)
      at TypeScriptParserMixin.parseFunctionBody (C:\Users\diamo\Deskktoptop\Desktop\School\SHARC\sunrin-algorithm-frontend\node_modules\.pnpm\@babel+parser@7.29.8\node_modules\@babel\parser\lib\index.js:12129:24)
      at TypeScriptParserMixin.parseArrowExpression (C:\Users\diamo\Deskktoptop\Desktop\School\SHARC\sunrin-algorithm-frontend\node_modules\.pnpm\@babel+parser@7.29.8\node_modules\@babel\parser\lib\index.js:12104:10)
      at TypeScriptParserMixin.parseParenAndDistinguishExpression (C:\Users\diamo\Deskktoptop\Desktop\School\SHARC\sunrin-algorithm-frontend\node_modules\.pnpm\@babel+parser@7.29.8\node_modules\@babel\parser\lib\index.js:11713:12)
      at TypeScriptParserMixin.parseExprAtom (C:\Users\diamo\Deskktoptop\Desktop\School\SHARC\sunrin-algorithm-frontend\node_modules\.pnpm\@babel+parser@7.29.8\node_modules\@babel\parser\lib\index.js:11357:23)
      at TypeScriptParserMixin.parseExprAtom (C:\Users\diamo\Deskktoptop\Desktop\School\SHARC\sunrin-algorithm-frontend\node_modules\.pnpm\@babel+parser@7.29.8\node_modules\@babel\parser\lib\index.js:4780:20)
      at TypeScriptParserMixin.parseExprSubscripts (C:\Users\diamo\Deskktoptop\Desktop\School\SHARC\sunrin-algorithm-frontend\node_modules\.pnpm\@babel+parser@7.29.8\node_modules\@babel\parser\lib\index.js:11102:23)
      at TypeScriptParserMixin.parseUpdate (C:\Users\diamo\Deskktoptop\Desktop\School\SHARC\sunrin-algorithm-frontend\node_modules\.pnpm\@babel+parser@7.29.8\node_modules\@babel\parser\lib\index.js:11087:21)
      at TypeScriptParserMixin.parseMaybeUnary (C:\Users\diamo\Deskktoptop\Desktop\School\SHARC\sunrin-algorithm-frontend\node_modules\.pnpm\@babel+parser@7.29.8\node_modules\@babel\parser\lib\index.js:11067:23)
      at TypeScriptParserMixin.parseMaybeUnary (C:\Users\diamo\Deskktoptop\Desktop\School\SHARC\sunrin-algorithm-frontend\node_modules\.pnpm\@babel+parser@7.29.8\node_modules\@babel\parser\lib\index.js:9858:18)
      at TypeScriptParserMixin.parseMaybeUnaryOrPrivate (C:\Users\diamo\Deskktoptop\Desktop\School\SHARC\sunrin-algorithm-frontend\node_modules\.pnpm\@babel+parser@7.29.8\node_modules\@babel\parser\lib\index.js:10920:61)
      at TypeScriptParserMixin.parseExprOps (C:\Users\diamo\Deskktoptop\Desktop\School\SHARC\sunrin-algorithm-frontend\node_modules\.pnpm\@babel+parser@7.29.8\node_modules\@babel\parser\lib\index.js:10925:23)
      at TypeScriptParserMixin.parseMaybeConditional (C:\Users\diamo\Deskktoptop\Desktop\School\SHARC\sunrin-algorithm-frontend\node_modules\.pnpm\@babel+parser@7.29.8\node_modules\@babel\parser\lib\index.js:10902:23)
      at TypeScriptParserMixin.parseMaybeAssign (C:\Users\diamo\Deskktoptop\Desktop\School\SHARC\sunrin-algorithm-frontend\node_modules\.pnpm\@babel+parser@7.29.8\node_modules\@babel\parser\lib\index.js:10852:21)
      at TypeScriptParserMixin.parseMaybeAssign (C:\Users\diamo\Deskktoptop\Desktop\School\SHARC\sunrin-algorithm-frontend\node_modules\.pnpm\@babel+parser@7.29.8\node_modules\@babel\parser\lib\index.js:9807:20)
      at C:\Users\diamo\Deskktoptop\Desktop\School\SHARC\sunrin-algorithm-frontend\node_modules\.pnpm\@babel+parser@7.29.8\node_modules\@babel\parser\lib\index.js:10821:39
      at TypeScriptParserMixin.allowInAnd (C:\Users\diamo\Deskktoptop\Desktop\School\SHARC\sunrin-algorithm-frontend\node_modules\.pnpm\@babel+parser@7.29.8\node_modules\@babel\parser\lib\index.js:12455:12)
      at TypeScriptParserMixin.parseMaybeAssignAllowIn (C:\Users\diamo\Deskktoptop\Desktop\School\SHARC\sunrin-algorithm-frontend\node_modules\.pnpm\@babel+parser@7.29.8\node_modules\@babel\parser\lib\index.js:10821:17)
      at TypeScriptParserMixin.parseMaybeAssignAllowInOrVoidPattern (C:\Users\diamo\Deskktoptop\Desktop\School\SHARC\sunrin-algorithm-frontend\node_modules\.pnpm\@babel+parser@7.29.8\node_modules\@babel\parser\lib\index.js:12522:17)
      at TypeScriptParserMixin.parseExprListItem (C:\Users\diamo\Deskktoptop\Desktop\School\SHARC\sunrin-algorithm-frontend\node_modules\.pnpm\@babel+parser@7.29.8\node_modules\@babel\parser\lib\index.js:12204:18)
      at TypeScriptParserMixin.parseCallExpressionArguments (C:\Users\diamo\Deskktoptop\Desktop\School\SHARC\sunrin-algorithm-frontend\node_modules\.pnpm\@babel+parser@7.29.8\node_modules\@babel\parser\lib\index.js:11278:22)
      at TypeScriptParserMixin.parseCoverCallAndAsyncArrowHead (C:\Users\diamo\Deskktoptop\Desktop\School\SHARC\sunrin-algorithm-frontend\node_modules\.pnpm\@babel+parser@7.29.8\node_modules\@babel\parser\lib\index.js:11212:29)
      at TypeScriptParserMixin.parseSubscript (C:\Users\diamo\Deskktoptop\Desktop\School\SHARC\sunrin-algorithm-frontend\node_modules\.pnpm\@babel+parser@7.29.8\node_modules\@babel\parser\lib\index.js:11141:19)
      at TypeScriptParserMixin.parseSubscript (C:\Users\diamo\Deskktoptop\Desktop\School\SHARC\sunrin-algorithm-frontend\node_modules\.pnpm\@babel+parser@7.29.8\node_modules\@babel\parser\lib\index.js:9293:18)
      at TypeScriptParserMixin.parseSubscripts (C:\Users\diamo\Deskktoptop\Desktop\School\SHARC\sunrin-algorithm-frontend\node_modules\.pnpm\@babel+parser@7.29.8\node_modules\@babel\parser\lib\index.js:11115:19)
      at TypeScriptParserMixin.parseExprSubscripts (C:\Users\diamo\Deskktoptop\Desktop\School\SHARC\sunrin-algorithm-frontend\node_modules\.pnpm\@babel+parser@7.29.8\node_modules\@babel\parser\lib\index.js:11106:17)
      at TypeScriptParserMixin.parseUpdate (C:\Users\diamo\Deskktoptop\Desktop\School\SHARC\sunrin-algorithm-frontend\node_modules\.pnpm\@babel+parser@7.29.8\node_modules\@babel\parser\lib\index.js:11087:21)
      at TypeScriptParserMixin.parseMaybeUnary (C:\Users\diamo\Deskktoptop\Desktop\School\SHARC\sunrin-algorithm-frontend\node_modules\.pnpm\@babel+parser@7.29.8\node_modules\@babel\parser\lib\index.js:11067:23)
      at TypeScriptParserMixin.parseMaybeUnary (C:\Users\diamo\Deskktoptop\Desktop\School\SHARC\sunrin-algorithm-frontend\node_modules\.pnpm\@babel+parser@7.29.8\node_modules\@babel\parser\lib\index.js:9858:18)
      at TypeScriptParserMixin.parseMaybeUnaryOrPrivate (C:\Users\diamo\Deskktoptop\Desktop\School\SHARC\sunrin-algorithm-frontend\node_modules\.pnpm\@babel+parser@7.29.8\node_modules\@babel\parser\lib\index.js:10920:61)
      at TypeScriptParserMixin.parseExprOps (C:\Users\diamo\Deskktoptop\Desktop\School\SHARC\sunrin-algorithm-frontend\node_modules\.pnpm\@babel+parser@7.29.8\node_modules\@babel\parser\lib\index.js:10925:23)
[2m오후 3:21:26[22m [31m[1m[vite][22m[39m [31mInternal server error: C:\Users\diamo\Deskktoptop\Desktop\School\SHARC\sunrin-algorithm-frontend\src\components\Activities.tsx: Identifier 'root' has already been declared. (132:10)

[0m [90m 130 |[31m     [36mconst[31m tree [33m=[31m wrap[33m.[31mcurrent
 [90m 131 |[31m     [36mconst[31m root [33m=[31m tree[33m?[31m[33m.[31mquerySelector[33m<[31m[33mHTMLElement[31m[33m>[31m([32m'[data-node="0"]'[31m)
[31m[1m>[22m[31m[90m 132 |[31m     [36mconst[31m root [33m=[31m wrap[33m.[31mcurrent[33m?[31m[33m.[31mquerySelector[33m<[31m[33mHTMLElement[31m[33m>[31m([32m'[data-node="0"]'[31m)
 [90m     |[31m           [31m[1m^[22m[31m
 [90m 133 |[31m     [36mif[31m ([33m![31mlead [33m||[31m [33m![31mchip [33m||[31m [33m![31mstage [33m||[31m [33m![31msection [33m||[31m [33m![31mroot) [36mreturn[31m
 [90m 134 |[31m
 [90m 135 |[31m     [36mlet[31m clone[33m:[31m [33mHTMLElement[31m [33m|[31m [36mnull[31m [33m=[31m [36mnull[31m[0m[39m
  Plugin: [35mvite:react-babel[39m
  File: [36mC:/Users/diamo/Deskktoptop/Desktop/School/SHARC/sunrin-algorithm-frontend/src/components/Activities.tsx[39m:132:10
[33m  130 |      const tree = wrap.current
  131 |      const root = tree?.querySelector<HTMLElement>('[data-node="0"]')
  132 |      const root = wrap.current?.querySelector<HTMLElement>('[data-node="0"]')
      |            ^
  133 |      if (!lead || !chip || !stage || !section || !root) return
  134 |  [39m
      at constructor (C:\Users\diamo\Deskktoptop\Desktop\School\SHARC\sunrin-algorithm-frontend\node_modules\.pnpm\@babel+parser@7.29.8\node_modules\@babel\parser\lib\index.js:369:19)
      at TypeScriptParserMixin.raise (C:\Users\diamo\Deskktoptop\Desktop\School\SHARC\sunrin-algorithm-frontend\node_modules\.pnpm\@babel+parser@7.29.8\node_modules\@babel\parser\lib\index.js:6620:19)
      at TypeScriptScopeHandler.checkRedeclarationInScope (C:\Users\diamo\Deskktoptop\Desktop\School\SHARC\sunrin-algorithm-frontend\node_modules\.pnpm\@babel+parser@7.29.8\node_modules\@babel\parser\lib\index.js:1623:19)
      at TypeScriptScopeHandler.declareName (C:\Users\diamo\Deskktoptop\Desktop\School\SHARC\sunrin-algorithm-frontend\node_modules\.pnpm\@babel+parser@7.29.8\node_modules\@babel\parser\lib\index.js:1589:12)
      at TypeScriptScopeHandler.declareName (C:\Users\diamo\Deskktoptop\Desktop\School\SHARC\sunrin-algorithm-frontend\node_modules\.pnpm\@babel+parser@7.29.8\node_modules\@babel\parser\lib\index.js:4896:11)
      at TypeScriptParserMixin.declareNameFromIdentifier (C:\Users\diamo\Deskktoptop\Desktop\School\SHARC\sunrin-algorithm-frontend\node_modules\.pnpm\@babel+parser@7.29.8\node_modules\@babel\parser\lib\index.js:7588:16)
      at TypeScriptParserMixin.checkIdentifier (C:\Users\diamo\Deskktoptop\Desktop\School\SHARC\sunrin-algorithm-frontend\node_modules\.pnpm\@babel+parser@7.29.8\node_modules\@babel\parser\lib\index.js:7584:12)
      at TypeScriptParserMixin.checkLVal (C:\Users\diamo\Deskktoptop\Desktop\School\SHARC\sunrin-algorithm-frontend\node_modules\.pnpm\@babel+parser@7.29.8\node_modules\@babel\parser\lib\index.js:7521:12)
      at TypeScriptParserMixin.parseVarId (C:\Users\diamo\Deskktoptop\Desktop\School\SHARC\sunrin-algorithm-frontend\node_modules\.pnpm\@babel+parser@7.29.8\node_modules\@babel\parser\lib\index.js:13441:10)
      at TypeScriptParserMixin.parseVarId (C:\Users\diamo\Deskktoptop\Desktop\School\SHARC\sunrin-algorithm-frontend\node_modules\.pnpm\@babel+parser@7.29.8\node_modules\@babel\parser\lib\index.js:9773:11)
      at TypeScriptParserMixin.parseVar (C:\Users\diamo\Deskktoptop\Desktop\School\SHARC\sunrin-algorithm-frontend\node_modules\.pnpm\@babel+parser@7.29.8\node_modules\@babel\parser\lib\index.js:13412:12)
      at TypeScriptParserMixin.parseVarStatement (C:\Users\diamo\Deskktoptop\Desktop\School\SHARC\sunrin-algorithm-frontend\node_modules\.pnpm\@babel+parser@7.29.8\node_modules\@babel\parser\lib\index.js:13259:10)
      at TypeScriptParserMixin.parseVarStatement (C:\Users\diamo\Deskktoptop\Desktop\School\SHARC\sunrin-algorithm-frontend\node_modules\.pnpm\@babel+parser@7.29.8\node_modules\@babel\parser\lib\index.js:9429:31)
      at TypeScriptParserMixin.parseStatementContent (C:\Users\diamo\Deskktoptop\Desktop\School\SHARC\sunrin-algorithm-frontend\node_modules\.pnpm\@babel+parser@7.29.8\node_modules\@babel\parser\lib\index.js:12880:23)
      at TypeScriptParserMixin.parseStatementContent (C:\Users\diamo\Deskktoptop\Desktop\School\SHARC\sunrin-algorithm-frontend\node_modules\.pnpm\@babel+parser@7.29.8\node_modules\@babel\parser\lib\index.js:9529:18)
      at TypeScriptParserMixin.parseStatementLike (C:\Users\diamo\Deskktoptop\Desktop\School\SHARC\sunrin-algorithm-frontend\node_modules\.pnpm\@babel+parser@7.29.8\node_modules\@babel\parser\lib\index.js:12796:17)
      at TypeScriptParserMixin.parseStatementListItem (C:\Users\diamo\Deskktoptop\Desktop\School\SHARC\sunrin-algorithm-frontend\node_modules\.pnpm\@babel+parser@7.29.8\node_modules\@babel\parser\lib\index.js:12776:17)
      at TypeScriptParserMixin.parseBlockOrModuleBlockBody (C:\Users\diamo\Deskktoptop\Desktop\School\SHARC\sunrin-algorithm-frontend\node_modules\.pnpm\@babel+parser@7.29.8\node_modules\@babel\parser\lib\index.js:13345:61)
      at TypeScriptParserMixin.parseBlockBody (C:\Users\diamo\Deskktoptop\Desktop\School\SHARC\sunrin-algorithm-frontend\node_modules\.pnpm\@babel+parser@7.29.8\node_modules\@babel\parser\lib\index.js:13338:10)
      at TypeScriptParserMixin.parseBlock (C:\Users\diamo\Deskktoptop\Desktop\School\SHARC\sunrin-algorithm-frontend\node_modules\.pnpm\@babel+parser@7.29.8\node_modules\@babel\parser\lib\index.js:13326:10)
      at TypeScriptParserMixin.parseFunctionBody (C:\Users\diamo\Deskktoptop\Desktop\School\SHARC\sunrin-algorithm-frontend\node_modules\.pnpm\@babel+parser@7.29.8\node_modules\@babel\parser\lib\index.js:12129:24)
      at TypeScriptParserMixin.parseArrowExpression (C:\Users\diamo\Deskktoptop\Desktop\School\SHARC\sunrin-algorithm-frontend\node_modules\.pnpm\@babel+parser@7.29.8\node_modules\@babel\parser\lib\index.js:12104:10)
      at TypeScriptParserMixin.parseParenAndDistinguishExpression (C:\Users\diamo\Deskktoptop\Desktop\School\SHARC\sunrin-algorithm-frontend\node_modules\.pnpm\@babel+parser@7.29.8\node_modules\@babel\parser\lib\index.js:11713:12)
      at TypeScriptParserMixin.parseExprAtom (C:\Users\diamo\Deskktoptop\Desktop\School\SHARC\sunrin-algorithm-frontend\node_modules\.pnpm\@babel+parser@7.29.8\node_modules\@babel\parser\lib\index.js:11357:23)
      at TypeScriptParserMixin.parseExprAtom (C:\Users\diamo\Deskktoptop\Desktop\School\SHARC\sunrin-algorithm-frontend\node_modules\.pnpm\@babel+parser@7.29.8\node_modules\@babel\parser\lib\index.js:4780:20)
      at TypeScriptParserMixin.parseExprSubscripts (C:\Users\diamo\Deskktoptop\Desktop\School\SHARC\sunrin-algorithm-frontend\node_modules\.pnpm\@babel+parser@7.29.8\node_modules\@babel\parser\lib\index.js:11102:23)
      at TypeScriptParserMixin.parseUpdate (C:\Users\diamo\Deskktoptop\Desktop\School\SHARC\sunrin-algorithm-frontend\node_modules\.pnpm\@babel+parser@7.29.8\node_modules\@babel\parser\lib\index.js:11087:21)
      at TypeScriptParserMixin.parseMaybeUnary (C:\Users\diamo\Deskktoptop\Desktop\School\SHARC\sunrin-algorithm-frontend\node_modules\.pnpm\@babel+parser@7.29.8\node_modules\@babel\parser\lib\index.js:11067:23)
      at TypeScriptParserMixin.parseMaybeUnary (C:\Users\diamo\Deskktoptop\Desktop\School\SHARC\sunrin-algorithm-frontend\node_modules\.pnpm\@babel+parser@7.29.8\node_modules\@babel\parser\lib\index.js:9858:18)
      at TypeScriptParserMixin.parseMaybeUnaryOrPrivate (C:\Users\diamo\Deskktoptop\Desktop\School\SHARC\sunrin-algorithm-frontend\node_modules\.pnpm\@babel+parser@7.29.8\node_modules\@babel\parser\lib\index.js:10920:61)
      at TypeScriptParserMixin.parseExprOps (C:\Users\diamo\Deskktoptop\Desktop\School\SHARC\sunrin-algorithm-frontend\node_modules\.pnpm\@babel+parser@7.29.8\node_modules\@babel\parser\lib\index.js:10925:23)
      at TypeScriptParserMixin.parseMaybeConditional (C:\Users\diamo\Deskktoptop\Desktop\School\SHARC\sunrin-algorithm-frontend\node_modules\.pnpm\@babel+parser@7.29.8\node_modules\@babel\parser\lib\index.js:10902:23)
      at TypeScriptParserMixin.parseMaybeAssign (C:\Users\diamo\Deskktoptop\Desktop\School\SHARC\sunrin-algorithm-frontend\node_modules\.pnpm\@babel+parser@7.29.8\node_modules\@babel\parser\lib\index.js:10852:21)
      at TypeScriptParserMixin.parseMaybeAssign (C:\Users\diamo\Deskktoptop\Desktop\School\SHARC\sunrin-algorithm-frontend\node_modules\.pnpm\@babel+parser@7.29.8\node_modules\@babel\parser\lib\index.js:9807:20)
      at C:\Users\diamo\Deskktoptop\Desktop\School\SHARC\sunrin-algorithm-frontend\node_modules\.pnpm\@babel+parser@7.29.8\node_modules\@babel\parser\lib\index.js:10821:39
      at TypeScriptParserMixin.allowInAnd (C:\Users\diamo\Deskktoptop\Desktop\School\SHARC\sunrin-algorithm-frontend\node_modules\.pnpm\@babel+parser@7.29.8\node_modules\@babel\parser\lib\index.js:12455:12)
      at TypeScriptParserMixin.parseMaybeAssignAllowIn (C:\Users\diamo\Deskktoptop\Desktop\School\SHARC\sunrin-algorithm-frontend\node_modules\.pnpm\@babel+parser@7.29.8\node_modules\@babel\parser\lib\index.js:10821:17)
      at TypeScriptParserMixin.parseMaybeAssignAllowInOrVoidPattern (C:\Users\diamo\Deskktoptop\Desktop\School\SHARC\sunrin-algorithm-frontend\node_modules\.pnpm\@babel+parser@7.29.8\node_modules\@babel\parser\lib\index.js:12522:17)
      at TypeScriptParserMixin.parseExprListItem (C:\Users\diamo\Deskktoptop\Desktop\School\SHARC\sunrin-algorithm-frontend\node_modules\.pnpm\@babel+parser@7.29.8\node_modules\@babel\parser\lib\index.js:12204:18)
      at TypeScriptParserMixin.parseCallExpressionArguments (C:\Users\diamo\Deskktoptop\Desktop\School\SHARC\sunrin-algorithm-frontend\node_modules\.pnpm\@babel+parser@7.29.8\node_modules\@babel\parser\lib\index.js:11278:22)
      at TypeScriptParserMixin.parseCoverCallAndAsyncArrowHead (C:\Users\diamo\Deskktoptop\Desktop\School\SHARC\sunrin-algorithm-frontend\node_modules\.pnpm\@babel+parser@7.29.8\node_modules\@babel\parser\lib\index.js:11212:29)
      at TypeScriptParserMixin.parseSubscript (C:\Users\diamo\Deskktoptop\Desktop\School\SHARC\sunrin-algorithm-frontend\node_modules\.pnpm\@babel+parser@7.29.8\node_modules\@babel\parser\lib\index.js:11141:19)
      at TypeScriptParserMixin.parseSubscript (C:\Users\diamo\Deskktoptop\Desktop\School\SHARC\sunrin-algorithm-frontend\node_modules\.pnpm\@babel+parser@7.29.8\node_modules\@babel\parser\lib\index.js:9293:18)
      at TypeScriptParserMixin.parseSubscripts (C:\Users\diamo\Deskktoptop\Desktop\School\SHARC\sunrin-algorithm-frontend\node_modules\.pnpm\@babel+parser@7.29.8\node_modules\@babel\parser\lib\index.js:11115:19)
      at TypeScriptParserMixin.parseExprSubscripts (C:\Users\diamo\Deskktoptop\Desktop\School\SHARC\sunrin-algorithm-frontend\node_modules\.pnpm\@babel+parser@7.29.8\node_modules\@babel\parser\lib\index.js:11106:17)
      at TypeScriptParserMixin.parseUpdate (C:\Users\diamo\Deskktoptop\Desktop\School\SHARC\sunrin-algorithm-frontend\node_modules\.pnpm\@babel+parser@7.29.8\node_modules\@babel\parser\lib\index.js:11087:21)
      at TypeScriptParserMixin.parseMaybeUnary (C:\Users\diamo\Deskktoptop\Desktop\School\SHARC\sunrin-algorithm-frontend\node_modules\.pnpm\@babel+parser@7.29.8\node_modules\@babel\parser\lib\index.js:11067:23)
      at TypeScriptParserMixin.parseMaybeUnary (C:\Users\diamo\Deskktoptop\Desktop\School\SHARC\sunrin-algorithm-frontend\node_modules\.pnpm\@babel+parser@7.29.8\node_modules\@babel\parser\lib\index.js:9858:18)
      at TypeScriptParserMixin.parseMaybeUnaryOrPrivate (C:\Users\diamo\Deskktoptop\Desktop\School\SHARC\sunrin-algorithm-frontend\node_modules\.pnpm\@babel+parser@7.29.8\node_modules\@babel\parser\lib\index.js:10920:61)
      at TypeScriptParserMixin.parseExprOps (C:\Users\diamo\Deskktoptop\Desktop\School\SHARC\sunrin-algorithm-frontend\node_modules\.pnpm\@babel+parser@7.29.8\node_modules\@babel\parser\lib\index.js:10925:23)
[2m오후 3:21:26[22m [31m[1m[vite][22m[39m [31mInternal server error: C:\Users\diamo\Deskktoptop\Desktop\School\SHARC\sunrin-algorithm-frontend\src\components\Activities.tsx: Identifier 'root' has already been declared. (132:10)

[0m [90m 130 |[31m     [36mconst[31m tree [33m=[31m wrap[33m.[31mcurrent
 [90m 131 |[31m     [36mconst[31m root [33m=[31m tree[33m?[31m[33m.[31mquerySelector[33m<[31m[33mHTMLElement[31m[33m>[31m([32m'[data-node="0"]'[31m)
[31m[1m>[22m[31m[90m 132 |[31m     [36mconst[31m root [33m=[31m wrap[33m.[31mcurrent[33m?[31m[33m.[31mquerySelector[33m<[31m[33mHTMLElement[31m[33m>[31m([32m'[data-node="0"]'[31m)
 [90m     |[31m           [31m[1m^[22m[31m
 [90m 133 |[31m     [36mif[31m ([33m![31mlead [33m||[31m [33m![31mchip [33m||[31m [33m![31mstage [33m||[31m [33m![31msection [33m||[31m [33m![31mroot) [36mreturn[31m
 [90m 134 |[31m
 [90m 135 |[31m     [36mlet[31m clone[33m:[31m [33mHTMLElement[31m [33m|[31m [36mnull[31m [33m=[31m [36mnull[31m[0m[39m
  Plugin: [35mvite:react-babel[39m
  File: [36mC:/Users/diamo/Deskktoptop/Desktop/School/SHARC/sunrin-algorithm-frontend/src/components/Activities.tsx[39m:132:10
[33m  130 |      const tree = wrap.current
  131 |      const root = tree?.querySelector<HTMLElement>('[data-node="0"]')
  132 |      const root = wrap.current?.querySelector<HTMLElement>('[data-node="0"]')
      |            ^
  133 |      if (!lead || !chip || !stage || !section || !root) return
  134 |  [39m
      at constructor (C:\Users\diamo\Deskktoptop\Desktop\School\SHARC\sunrin-algorithm-frontend\node_modules\.pnpm\@babel+parser@7.29.8\node_modules\@babel\parser\lib\index.js:369:19)
      at TypeScriptParserMixin.raise (C:\Users\diamo\Deskktoptop\Desktop\School\SHARC\sunrin-algorithm-frontend\node_modules\.pnpm\@babel+parser@7.29.8\node_modules\@babel\parser\lib\index.js:6620:19)
      at TypeScriptScopeHandler.checkRedeclarationInScope (C:\Users\diamo\Deskktoptop\Desktop\School\SHARC\sunrin-algorithm-frontend\node_modules\.pnpm\@babel+parser@7.29.8\node_modules\@babel\parser\lib\index.js:1623:19)
      at TypeScriptScopeHandler.declareName (C:\Users\diamo\Deskktoptop\Desktop\School\SHARC\sunrin-algorithm-frontend\node_modules\.pnpm\@babel+parser@7.29.8\node_modules\@babel\parser\lib\index.js:1589:12)
      at TypeScriptScopeHandler.declareName (C:\Users\diamo\Deskktoptop\Desktop\School\SHARC\sunrin-algorithm-frontend\node_modules\.pnpm\@babel+parser@7.29.8\node_modules\@babel\parser\lib\index.js:4896:11)
      at TypeScriptParserMixin.declareNameFromIdentifier (C:\Users\diamo\Deskktoptop\Desktop\School\SHARC\sunrin-algorithm-frontend\node_modules\.pnpm\@babel+parser@7.29.8\node_modules\@babel\parser\lib\index.js:7588:16)
      at TypeScriptParserMixin.checkIdentifier (C:\Users\diamo\Deskktoptop\Desktop\School\SHARC\sunrin-algorithm-frontend\node_modules\.pnpm\@babel+parser@7.29.8\node_modules\@babel\parser\lib\index.js:7584:12)
      at TypeScriptParserMixin.checkLVal (C:\Users\diamo\Deskktoptop\Desktop\School\SHARC\sunrin-algorithm-frontend\node_modules\.pnpm\@babel+parser@7.29.8\node_modules\@babel\parser\lib\index.js:7521:12)
      at TypeScriptParserMixin.parseVarId (C:\Users\diamo\Deskktoptop\Desktop\School\SHARC\sunrin-algorithm-frontend\node_modules\.pnpm\@babel+parser@7.29.8\node_modules\@babel\parser\lib\index.js:13441:10)
      at TypeScriptParserMixin.parseVarId (C:\Users\diamo\Deskktoptop\Desktop\School\SHARC\sunrin-algorithm-frontend\node_modules\.pnpm\@babel+parser@7.29.8\node_modules\@babel\parser\lib\index.js:9773:11)
      at TypeScriptParserMixin.parseVar (C:\Users\diamo\Deskktoptop\Desktop\School\SHARC\sunrin-algorithm-frontend\node_modules\.pnpm\@babel+parser@7.29.8\node_modules\@babel\parser\lib\index.js:13412:12)
      at TypeScriptParserMixin.parseVarStatement (C:\Users\diamo\Deskktoptop\Desktop\School\SHARC\sunrin-algorithm-frontend\node_modules\.pnpm\@babel+parser@7.29.8\node_modules\@babel\parser\lib\index.js:13259:10)
      at TypeScriptParserMixin.parseVarStatement (C:\Users\diamo\Deskktoptop\Desktop\School\SHARC\sunrin-algorithm-frontend\node_modules\.pnpm\@babel+parser@7.29.8\node_modules\@babel\parser\lib\index.js:9429:31)
      at TypeScriptParserMixin.parseStatementContent (C:\Users\diamo\Deskktoptop\Desktop\School\SHARC\sunrin-algorithm-frontend\node_modules\.pnpm\@babel+parser@7.29.8\node_modules\@babel\parser\lib\index.js:12880:23)
      at TypeScriptParserMixin.parseStatementContent (C:\Users\diamo\Deskktoptop\Desktop\School\SHARC\sunrin-algorithm-frontend\node_modules\.pnpm\@babel+parser@7.29.8\node_modules\@babel\parser\lib\index.js:9529:18)
      at TypeScriptParserMixin.parseStatementLike (C:\Users\diamo\Deskktoptop\Desktop\School\SHARC\sunrin-algorithm-frontend\node_modules\.pnpm\@babel+parser@7.29.8\node_modules\@babel\parser\lib\index.js:12796:17)
      at TypeScriptParserMixin.parseStatementListItem (C:\Users\diamo\Deskktoptop\Desktop\School\SHARC\sunrin-algorithm-frontend\node_modules\.pnpm\@babel+parser@7.29.8\node_modules\@babel\parser\lib\index.js:12776:17)
      at TypeScriptParserMixin.parseBlockOrModuleBlockBody (C:\Users\diamo\Deskktoptop\Desktop\School\SHARC\sunrin-algorithm-frontend\node_modules\.pnpm\@babel+parser@7.29.8\node_modules\@babel\parser\lib\index.js:13345:61)
      at TypeScriptParserMixin.parseBlockBody (C:\Users\diamo\Deskktoptop\Desktop\School\SHARC\sunrin-algorithm-frontend\node_modules\.pnpm\@babel+parser@7.29.8\node_modules\@babel\parser\lib\index.js:13338:10)
      at TypeScriptParserMixin.parseBlock (C:\Users\diamo\Deskktoptop\Desktop\School\SHARC\sunrin-algorithm-frontend\node_modules\.pnpm\@babel+parser@7.29.8\node_modules\@babel\parser\lib\index.js:13326:10)
      at TypeScriptParserMixin.parseFunctionBody (C:\Users\diamo\Deskktoptop\Desktop\School\SHARC\sunrin-algorithm-frontend\node_modules\.pnpm\@babel+parser@7.29.8\node_modules\@babel\parser\lib\index.js:12129:24)
      at TypeScriptParserMixin.parseArrowExpression (C:\Users\diamo\Deskktoptop\Desktop\School\SHARC\sunrin-algorithm-frontend\node_modules\.pnpm\@babel+parser@7.29.8\node_modules\@babel\parser\lib\index.js:12104:10)
      at TypeScriptParserMixin.parseParenAndDistinguishExpression (C:\Users\diamo\Deskktoptop\Desktop\School\SHARC\sunrin-algorithm-frontend\node_modules\.pnpm\@babel+parser@7.29.8\node_modules\@babel\parser\lib\index.js:11713:12)
      at TypeScriptParserMixin.parseExprAtom (C:\Users\diamo\Deskktoptop\Desktop\School\SHARC\sunrin-algorithm-frontend\node_modules\.pnpm\@babel+parser@7.29.8\node_modules\@babel\parser\lib\index.js:11357:23)
      at TypeScriptParserMixin.parseExprAtom (C:\Users\diamo\Deskktoptop\Desktop\School\SHARC\sunrin-algorithm-frontend\node_modules\.pnpm\@babel+parser@7.29.8\node_modules\@babel\parser\lib\index.js:4780:20)
      at TypeScriptParserMixin.parseExprSubscripts (C:\Users\diamo\Deskktoptop\Desktop\School\SHARC\sunrin-algorithm-frontend\node_modules\.pnpm\@babel+parser@7.29.8\node_modules\@babel\parser\lib\index.js:11102:23)
      at TypeScriptParserMixin.parseUpdate (C:\Users\diamo\Deskktoptop\Desktop\School\SHARC\sunrin-algorithm-frontend\node_modules\.pnpm\@babel+parser@7.29.8\node_modules\@babel\parser\lib\index.js:11087:21)
      at TypeScriptParserMixin.parseMaybeUnary (C:\Users\diamo\Deskktoptop\Desktop\School\SHARC\sunrin-algorithm-frontend\node_modules\.pnpm\@babel+parser@7.29.8\node_modules\@babel\parser\lib\index.js:11067:23)
      at TypeScriptParserMixin.parseMaybeUnary (C:\Users\diamo\Deskktoptop\Desktop\School\SHARC\sunrin-algorithm-frontend\node_modules\.pnpm\@babel+parser@7.29.8\node_modules\@babel\parser\lib\index.js:9858:18)
      at TypeScriptParserMixin.parseMaybeUnaryOrPrivate (C:\Users\diamo\Deskktoptop\Desktop\School\SHARC\sunrin-algorithm-frontend\node_modules\.pnpm\@babel+parser@7.29.8\node_modules\@babel\parser\lib\index.js:10920:61)
      at TypeScriptParserMixin.parseExprOps (C:\Users\diamo\Deskktoptop\Desktop\School\SHARC\sunrin-algorithm-frontend\node_modules\.pnpm\@babel+parser@7.29.8\node_modules\@babel\parser\lib\index.js:10925:23)
      at TypeScriptParserMixin.parseMaybeConditional (C:\Users\diamo\Deskktoptop\Desktop\School\SHARC\sunrin-algorithm-frontend\node_modules\.pnpm\@babel+parser@7.29.8\node_modules\@babel\parser\lib\index.js:10902:23)
      at TypeScriptParserMixin.parseMaybeAssign (C:\Users\diamo\Deskktoptop\Desktop\School\SHARC\sunrin-algorithm-frontend\node_modules\.pnpm\@babel+parser@7.29.8\node_modules\@babel\parser\lib\index.js:10852:21)
      at TypeScriptParserMixin.parseMaybeAssign (C:\Users\diamo\Deskktoptop\Desktop\School\SHARC\sunrin-algorithm-frontend\node_modules\.pnpm\@babel+parser@7.29.8\node_modules\@babel\parser\lib\index.js:9807:20)
      at C:\Users\diamo\Deskktoptop\Desktop\School\SHARC\sunrin-algorithm-frontend\node_modules\.pnpm\@babel+parser@7.29.8\node_modules\@babel\parser\lib\index.js:10821:39
      at TypeScriptParserMixin.allowInAnd (C:\Users\diamo\Deskktoptop\Desktop\School\SHARC\sunrin-algorithm-frontend\node_modules\.pnpm\@babel+parser@7.29.8\node_modules\@babel\parser\lib\index.js:12455:12)
      at TypeScriptParserMixin.parseMaybeAssignAllowIn (C:\Users\diamo\Deskktoptop\Desktop\School\SHARC\sunrin-algorithm-frontend\node_modules\.pnpm\@babel+parser@7.29.8\node_modules\@babel\parser\lib\index.js:10821:17)
      at TypeScriptParserMixin.parseMaybeAssignAllowInOrVoidPattern (C:\Users\diamo\Deskktoptop\Desktop\School\SHARC\sunrin-algorithm-frontend\node_modules\.pnpm\@babel+parser@7.29.8\node_modules\@babel\parser\lib\index.js:12522:17)
      at TypeScriptParserMixin.parseExprListItem (C:\Users\diamo\Deskktoptop\Desktop\School\SHARC\sunrin-algorithm-frontend\node_modules\.pnpm\@babel+parser@7.29.8\node_modules\@babel\parser\lib\index.js:12204:18)
      at TypeScriptParserMixin.parseCallExpressionArguments (C:\Users\diamo\Deskktoptop\Desktop\School\SHARC\sunrin-algorithm-frontend\node_modules\.pnpm\@babel+parser@7.29.8\node_modules\@babel\parser\lib\index.js:11278:22)
      at TypeScriptParserMixin.parseCoverCallAndAsyncArrowHead (C:\Users\diamo\Deskktoptop\Desktop\School\SHARC\sunrin-algorithm-frontend\node_modules\.pnpm\@babel+parser@7.29.8\node_modules\@babel\parser\lib\index.js:11212:29)
      at TypeScriptParserMixin.parseSubscript (C:\Users\diamo\Deskktoptop\Desktop\School\SHARC\sunrin-algorithm-frontend\node_modules\.pnpm\@babel+parser@7.29.8\node_modules\@babel\parser\lib\index.js:11141:19)
      at TypeScriptParserMixin.parseSubscript (C:\Users\diamo\Deskktoptop\Desktop\School\SHARC\sunrin-algorithm-frontend\node_modules\.pnpm\@babel+parser@7.29.8\node_modules\@babel\parser\lib\index.js:9293:18)
      at TypeScriptParserMixin.parseSubscripts (C:\Users\diamo\Deskktoptop\Desktop\School\SHARC\sunrin-algorithm-frontend\node_modules\.pnpm\@babel+parser@7.29.8\node_modules\@babel\parser\lib\index.js:11115:19)
      at TypeScriptParserMixin.parseExprSubscripts (C:\Users\diamo\Deskktoptop\Desktop\School\SHARC\sunrin-algorithm-frontend\node_modules\.pnpm\@babel+parser@7.29.8\node_modules\@babel\parser\lib\index.js:11106:17)
      at TypeScriptParserMixin.parseUpdate (C:\Users\diamo\Deskktoptop\Desktop\School\SHARC\sunrin-algorithm-frontend\node_modules\.pnpm\@babel+parser@7.29.8\node_modules\@babel\parser\lib\index.js:11087:21)
      at TypeScriptParserMixin.parseMaybeUnary (C:\Users\diamo\Deskktoptop\Desktop\School\SHARC\sunrin-algorithm-frontend\node_modules\.pnpm\@babel+parser@7.29.8\node_modules\@babel\parser\lib\index.js:11067:23)
      at TypeScriptParserMixin.parseMaybeUnary (C:\Users\diamo\Deskktoptop\Desktop\School\SHARC\sunrin-algorithm-frontend\node_modules\.pnpm\@babel+parser@7.29.8\node_modules\@babel\parser\lib\index.js:9858:18)
      at TypeScriptParserMixin.parseMaybeUnaryOrPrivate (C:\Users\diamo\Deskktoptop\Desktop\School\SHARC\sunrin-algorithm-frontend\node_modules\.pnpm\@babel+parser@7.29.8\node_modules\@babel\parser\lib\index.js:10920:61)
      at TypeScriptParserMixin.parseExprOps (C:\Users\diamo\Deskktoptop\Desktop\School\SHARC\sunrin-algorithm-frontend\node_modules\.pnpm\@babel+parser@7.29.8\node_modules\@babel\parser\lib\index.js:10925:23)
[2m오후 3:21:26[22m [31m[1m[vite][22m[39m [31mInternal server error: C:\Users\diamo\Deskktoptop\Desktop\School\SHARC\sunrin-algorithm-frontend\src\components\Activities.tsx: Identifier 'root' has already been declared. (132:10)

[0m [90m 130 |[31m     [36mconst[31m tree [33m=[31m wrap[33m.[31mcurrent
 [90m 131 |[31m     [36mconst[31m root [33m=[31m tree[33m?[31m[33m.[31mquerySelector[33m<[31m[33mHTMLElement[31m[33m>[31m([32m'[data-node="0"]'[31m)
[31m[1m>[22m[31m[90m 132 |[31m     [36mconst[31m root [33m=[31m wrap[33m.[31mcurrent[33m?[31m[33m.[31mquerySelector[33m<[31m[33mHTMLElement[31m[33m>[31m([32m'[data-node="0"]'[31m)
 [90m     |[31m           [31m[1m^[22m[31m
 [90m 133 |[31m     [36mif[31m ([33m![31mlead [33m||[31m [33m![31mchip [33m||[31m [33m![31mstage [33m||[31m [33m![31msection [33m||[31m [33m![31mroot) [36mreturn[31m
 [90m 134 |[31m
 [90m 135 |[31m     [36mlet[31m clone[33m:[31m [33mHTMLElement[31m [33m|[31m [36mnull[31m [33m=[31m [36mnull[31m[0m[39m
  Plugin: [35mvite:react-babel[39m
  File: [36mC:/Users/diamo/Deskktoptop/Desktop/School/SHARC/sunrin-algorithm-frontend/src/components/Activities.tsx[39m:132:10
[33m  130 |      const tree = wrap.current
  131 |      const root = tree?.querySelector<HTMLElement>('[data-node="0"]')
  132 |      const root = wrap.current?.querySelector<HTMLElement>('[data-node="0"]')
      |            ^
  133 |      if (!lead || !chip || !stage || !section || !root) return
  134 |  [39m
      at constructor (C:\Users\diamo\Deskktoptop\Desktop\School\SHARC\sunrin-algorithm-frontend\node_modules\.pnpm\@babel+parser@7.29.8\node_modules\@babel\parser\lib\index.js:369:19)
      at TypeScriptParserMixin.raise (C:\Users\diamo\Deskktoptop\Desktop\School\SHARC\sunrin-algorithm-frontend\node_modules\.pnpm\@babel+parser@7.29.8\node_modules\@babel\parser\lib\index.js:6620:19)
      at TypeScriptScopeHandler.checkRedeclarationInScope (C:\Users\diamo\Deskktoptop\Desktop\School\SHARC\sunrin-algorithm-frontend\node_modules\.pnpm\@babel+parser@7.29.8\node_modules\@babel\parser\lib\index.js:1623:19)
      at TypeScriptScopeHandler.declareName (C:\Users\diamo\Deskktoptop\Desktop\School\SHARC\sunrin-algorithm-frontend\node_modules\.pnpm\@babel+parser@7.29.8\node_modules\@babel\parser\lib\index.js:1589:12)
      at TypeScriptScopeHandler.declareName (C:\Users\diamo\Deskktoptop\Desktop\School\SHARC\sunrin-algorithm-frontend\node_modules\.pnpm\@babel+parser@7.29.8\node_modules\@babel\parser\lib\index.js:4896:11)
      at TypeScriptParserMixin.declareNameFromIdentifier (C:\Users\diamo\Deskktoptop\Desktop\School\SHARC\sunrin-algorithm-frontend\node_modules\.pnpm\@babel+parser@7.29.8\node_modules\@babel\parser\lib\index.js:7588:16)
      at TypeScriptParserMixin.checkIdentifier (C:\Users\diamo\Deskktoptop\Desktop\School\SHARC\sunrin-algorithm-frontend\node_modules\.pnpm\@babel+parser@7.29.8\node_modules\@babel\parser\lib\index.js:7584:12)
      at TypeScriptParserMixin.checkLVal (C:\Users\diamo\Deskktoptop\Desktop\School\SHARC\sunrin-algorithm-frontend\node_modules\.pnpm\@babel+parser@7.29.8\node_modules\@babel\parser\lib\index.js:7521:12)
      at TypeScriptParserMixin.parseVarId (C:\Users\diamo\Deskktoptop\Desktop\School\SHARC\sunrin-algorithm-frontend\node_modules\.pnpm\@babel+parser@7.29.8\node_modules\@babel\parser\lib\index.js:13441:10)
      at TypeScriptParserMixin.parseVarId (C:\Users\diamo\Deskktoptop\Desktop\School\SHARC\sunrin-algorithm-frontend\node_modules\.pnpm\@babel+parser@7.29.8\node_modules\@babel\parser\lib\index.js:9773:11)
      at TypeScriptParserMixin.parseVar (C:\Users\diamo\Deskktoptop\Desktop\School\SHARC\sunrin-algorithm-frontend\node_modules\.pnpm\@babel+parser@7.29.8\node_modules\@babel\parser\lib\index.js:13412:12)
      at TypeScriptParserMixin.parseVarStatement (C:\Users\diamo\Deskktoptop\Desktop\School\SHARC\sunrin-algorithm-frontend\node_modules\.pnpm\@babel+parser@7.29.8\node_modules\@babel\parser\lib\index.js:13259:10)
      at TypeScriptParserMixin.parseVarStatement (C:\Users\diamo\Deskktoptop\Desktop\School\SHARC\sunrin-algorithm-frontend\node_modules\.pnpm\@babel+parser@7.29.8\node_modules\@babel\parser\lib\index.js:9429:31)
      at TypeScriptParserMixin.parseStatementContent (C:\Users\diamo\Deskktoptop\Desktop\School\SHARC\sunrin-algorithm-frontend\node_modules\.pnpm\@babel+parser@7.29.8\node_modules\@babel\parser\lib\index.js:12880:23)
      at TypeScriptParserMixin.parseStatementContent (C:\Users\diamo\Deskktoptop\Desktop\School\SHARC\sunrin-algorithm-frontend\node_modules\.pnpm\@babel+parser@7.29.8\node_modules\@babel\parser\lib\index.js:9529:18)
      at TypeScriptParserMixin.parseStatementLike (C:\Users\diamo\Deskktoptop\Desktop\School\SHARC\sunrin-algorithm-frontend\node_modules\.pnpm\@babel+parser@7.29.8\node_modules\@babel\parser\lib\index.js:12796:17)
      at TypeScriptParserMixin.parseStatementListItem (C:\Users\diamo\Deskktoptop\Desktop\School\SHARC\sunrin-algorithm-frontend\node_modules\.pnpm\@babel+parser@7.29.8\node_modules\@babel\parser\lib\index.js:12776:17)
      at TypeScriptParserMixin.parseBlockOrModuleBlockBody (C:\Users\diamo\Deskktoptop\Desktop\School\SHARC\sunrin-algorithm-frontend\node_modules\.pnpm\@babel+parser@7.29.8\node_modules\@babel\parser\lib\index.js:13345:61)
      at TypeScriptParserMixin.parseBlockBody (C:\Users\diamo\Deskktoptop\Desktop\School\SHARC\sunrin-algorithm-frontend\node_modules\.pnpm\@babel+parser@7.29.8\node_modules\@babel\parser\lib\index.js:13338:10)
      at TypeScriptParserMixin.parseBlock (C:\Users\diamo\Deskktoptop\Desktop\School\SHARC\sunrin-algorithm-frontend\node_modules\.pnpm\@babel+parser@7.29.8\node_modules\@babel\parser\lib\index.js:13326:10)
      at TypeScriptParserMixin.parseFunctionBody (C:\Users\diamo\Deskktoptop\Desktop\School\SHARC\sunrin-algorithm-frontend\node_modules\.pnpm\@babel+parser@7.29.8\node_modules\@babel\parser\lib\index.js:12129:24)
      at TypeScriptParserMixin.parseArrowExpression (C:\Users\diamo\Deskktoptop\Desktop\School\SHARC\sunrin-algorithm-frontend\node_modules\.pnpm\@babel+parser@7.29.8\node_modules\@babel\parser\lib\index.js:12104:10)
      at TypeScriptParserMixin.parseParenAndDistinguishExpression (C:\Users\diamo\Deskktoptop\Desktop\School\SHARC\sunrin-algorithm-frontend\node_modules\.pnpm\@babel+parser@7.29.8\node_modules\@babel\parser\lib\index.js:11713:12)
      at TypeScriptParserMixin.parseExprAtom (C:\Users\diamo\Deskktoptop\Desktop\School\SHARC\sunrin-algorithm-frontend\node_modules\.pnpm\@babel+parser@7.29.8\node_modules\@babel\parser\lib\index.js:11357:23)
      at TypeScriptParserMixin.parseExprAtom (C:\Users\diamo\Deskktoptop\Desktop\School\SHARC\sunrin-algorithm-frontend\node_modules\.pnpm\@babel+parser@7.29.8\node_modules\@babel\parser\lib\index.js:4780:20)
      at TypeScriptParserMixin.parseExprSubscripts (C:\Users\diamo\Deskktoptop\Desktop\School\SHARC\sunrin-algorithm-frontend\node_modules\.pnpm\@babel+parser@7.29.8\node_modules\@babel\parser\lib\index.js:11102:23)
      at TypeScriptParserMixin.parseUpdate (C:\Users\diamo\Deskktoptop\Desktop\School\SHARC\sunrin-algorithm-frontend\node_modules\.pnpm\@babel+parser@7.29.8\node_modules\@babel\parser\lib\index.js:11087:21)
      at TypeScriptParserMixin.parseMaybeUnary (C:\Users\diamo\Deskktoptop\Desktop\School\SHARC\sunrin-algorithm-frontend\node_modules\.pnpm\@babel+parser@7.29.8\node_modules\@babel\parser\lib\index.js:11067:23)
      at TypeScriptParserMixin.parseMaybeUnary (C:\Users\diamo\Deskktoptop\Desktop\School\SHARC\sunrin-algorithm-frontend\node_modules\.pnpm\@babel+parser@7.29.8\node_modules\@babel\parser\lib\index.js:9858:18)
      at TypeScriptParserMixin.parseMaybeUnaryOrPrivate (C:\Users\diamo\Deskktoptop\Desktop\School\SHARC\sunrin-algorithm-frontend\node_modules\.pnpm\@babel+parser@7.29.8\node_modules\@babel\parser\lib\index.js:10920:61)
      at TypeScriptParserMixin.parseExprOps (C:\Users\diamo\Deskktoptop\Desktop\School\SHARC\sunrin-algorithm-frontend\node_modules\.pnpm\@babel+parser@7.29.8\node_modules\@babel\parser\lib\index.js:10925:23)
      at TypeScriptParserMixin.parseMaybeConditional (C:\Users\diamo\Deskktoptop\Desktop\School\SHARC\sunrin-algorithm-frontend\node_modules\.pnpm\@babel+parser@7.29.8\node_modules\@babel\parser\lib\index.js:10902:23)
      at TypeScriptParserMixin.parseMaybeAssign (C:\Users\diamo\Deskktoptop\Desktop\School\SHARC\sunrin-algorithm-frontend\node_modules\.pnpm\@babel+parser@7.29.8\node_modules\@babel\parser\lib\index.js:10852:21)
      at TypeScriptParserMixin.parseMaybeAssign (C:\Users\diamo\Deskktoptop\Desktop\School\SHARC\sunrin-algorithm-frontend\node_modules\.pnpm\@babel+parser@7.29.8\node_modules\@babel\parser\lib\index.js:9807:20)
      at C:\Users\diamo\Deskktoptop\Desktop\School\SHARC\sunrin-algorithm-frontend\node_modules\.pnpm\@babel+parser@7.29.8\node_modules\@babel\parser\lib\index.js:10821:39
      at TypeScriptParserMixin.allowInAnd (C:\Users\diamo\Deskktoptop\Desktop\School\SHARC\sunrin-algorithm-frontend\node_modules\.pnpm\@babel+parser@7.29.8\node_modules\@babel\parser\lib\index.js:12455:12)
      at TypeScriptParserMixin.parseMaybeAssignAllowIn (C:\Users\diamo\Deskktoptop\Desktop\School\SHARC\sunrin-algorithm-frontend\node_modules\.pnpm\@babel+parser@7.29.8\node_modules\@babel\parser\lib\index.js:10821:17)
      at TypeScriptParserMixin.parseMaybeAssignAllowInOrVoidPattern (C:\Users\diamo\Deskktoptop\Desktop\School\SHARC\sunrin-algorithm-frontend\node_modules\.pnpm\@babel+parser@7.29.8\node_modules\@babel\parser\lib\index.js:12522:17)
      at TypeScriptParserMixin.parseExprListItem (C:\Users\diamo\Deskktoptop\Desktop\School\SHARC\sunrin-algorithm-frontend\node_modules\.pnpm\@babel+parser@7.29.8\node_modules\@babel\parser\lib\index.js:12204:18)
      at TypeScriptParserMixin.parseCallExpressionArguments (C:\Users\diamo\Deskktoptop\Desktop\School\SHARC\sunrin-algorithm-frontend\node_modules\.pnpm\@babel+parser@7.29.8\node_modules\@babel\parser\lib\index.js:11278:22)
      at TypeScriptParserMixin.parseCoverCallAndAsyncArrowHead (C:\Users\diamo\Deskktoptop\Desktop\School\SHARC\sunrin-algorithm-frontend\node_modules\.pnpm\@babel+parser@7.29.8\node_modules\@babel\parser\lib\index.js:11212:29)
      at TypeScriptParserMixin.parseSubscript (C:\Users\diamo\Deskktoptop\Desktop\School\SHARC\sunrin-algorithm-frontend\node_modules\.pnpm\@babel+parser@7.29.8\node_modules\@babel\parser\lib\index.js:11141:19)
      at TypeScriptParserMixin.parseSubscript (C:\Users\diamo\Deskktoptop\Desktop\School\SHARC\sunrin-algorithm-frontend\node_modules\.pnpm\@babel+parser@7.29.8\node_modules\@babel\parser\lib\index.js:9293:18)
      at TypeScriptParserMixin.parseSubscripts (C:\Users\diamo\Deskktoptop\Desktop\School\SHARC\sunrin-algorithm-frontend\node_modules\.pnpm\@babel+parser@7.29.8\node_modules\@babel\parser\lib\index.js:11115:19)
      at TypeScriptParserMixin.parseExprSubscripts (C:\Users\diamo\Deskktoptop\Desktop\School\SHARC\sunrin-algorithm-frontend\node_modules\.pnpm\@babel+parser@7.29.8\node_modules\@babel\parser\lib\index.js:11106:17)
      at TypeScriptParserMixin.parseUpdate (C:\Users\diamo\Deskktoptop\Desktop\School\SHARC\sunrin-algorithm-frontend\node_modules\.pnpm\@babel+parser@7.29.8\node_modules\@babel\parser\lib\index.js:11087:21)
      at TypeScriptParserMixin.parseMaybeUnary (C:\Users\diamo\Deskktoptop\Desktop\School\SHARC\sunrin-algorithm-frontend\node_modules\.pnpm\@babel+parser@7.29.8\node_modules\@babel\parser\lib\index.js:11067:23)
      at TypeScriptParserMixin.parseMaybeUnary (C:\Users\diamo\Deskktoptop\Desktop\School\SHARC\sunrin-algorithm-frontend\node_modules\.pnpm\@babel+parser@7.29.8\node_modules\@babel\parser\lib\index.js:9858:18)
      at TypeScriptParserMixin.parseMaybeUnaryOrPrivate (C:\Users\diamo\Deskktoptop\Desktop\School\SHARC\sunrin-algorithm-frontend\node_modules\.pnpm\@babel+parser@7.29.8\node_modules\@babel\parser\lib\index.js:10920:61)
      at TypeScriptParserMixin.parseExprOps (C:\Users\diamo\Deskktoptop\Desktop\School\SHARC\sunrin-algorithm-frontend\node_modules\.pnpm\@babel+parser@7.29.8\node_modules\@babel\parser\lib\index.js:10925:23)
[2m오후 3:49:02[22m [31m[1m[vite][22m[39m [31mInternal server error: C:\Users\diamo\Deskktoptop\Desktop\School\SHARC\sunrin-algorithm-frontend\src\components\Activities.tsx: Identifier 'hold' has already been declared. (44:8)

[0m [90m 42 |[31m   [36mconst[31m hold [33m=[31m useRef[33m<[31m[33mScrollTrigger[31m [33m|[31m [36mnull[31m[33m>[31m([36mnull[31m)
 [90m 43 |[31m   [90m/** The tree's pin. Handoff A lands its point exactly where this engages. */[31m
[31m[1m>[22m[31m[90m 44 |[31m   [36mconst[31m hold [33m=[31m useRef[33m<[31m[33mScrollTrigger[31m [33m|[31m [36mnull[31m[33m>[31m([36mnull[31m)
 [90m    |[31m         [31m[1m^[22m[31m
 [90m 45 |[31m
 [90m 46 |[31m   [36mconst[31m [layout[33m,[31m setLayout] [33m=[31m useState[33m<[31m[33mLayout[31m [33m|[31m [36mnull[31m[33m>[31m([36mnull[31m)
 [90m 47 |[31m   [36mconst[31m [visited[33m,[31m setVisited] [33m=[31m useState([35m0[31m)[0m[39m
  Plugin: [35mvite:react-babel[39m
  File: [36mC:/Users/diamo/Deskktoptop/Desktop/School/SHARC/sunrin-algorithm-frontend/src/components/Activities.tsx[39m:44:8
[33m  42 |    const hold = useRef<ScrollTrigger | null>(null)
  43 |    /** The tree's pin. Handoff A lands its point exactly where this engages. */
  44 |    const hold = useRef<ScrollTrigger | null>(null)
     |          ^
  45 |  
  46 |    const [layout, setLayout] = useState<Layout | null>(null)[39m
      at constructor (C:\Users\diamo\Deskktoptop\Desktop\School\SHARC\sunrin-algorithm-frontend\node_modules\.pnpm\@babel+parser@7.29.8\node_modules\@babel\parser\lib\index.js:369:19)
      at TypeScriptParserMixin.raise (C:\Users\diamo\Deskktoptop\Desktop\School\SHARC\sunrin-algorithm-frontend\node_modules\.pnpm\@babel+parser@7.29.8\node_modules\@babel\parser\lib\index.js:6620:19)
      at TypeScriptScopeHandler.checkRedeclarationInScope (C:\Users\diamo\Deskktoptop\Desktop\School\SHARC\sunrin-algorithm-frontend\node_modules\.pnpm\@babel+parser@7.29.8\node_modules\@babel\parser\lib\index.js:1623:19)
      at TypeScriptScopeHandler.declareName (C:\Users\diamo\Deskktoptop\Desktop\School\SHARC\sunrin-algorithm-frontend\node_modules\.pnpm\@babel+parser@7.29.8\node_modules\@babel\parser\lib\index.js:1589:12)
      at TypeScriptScopeHandler.declareName (C:\Users\diamo\Deskktoptop\Desktop\School\SHARC\sunrin-algorithm-frontend\node_modules\.pnpm\@babel+parser@7.29.8\node_modules\@babel\parser\lib\index.js:4896:11)
      at TypeScriptParserMixin.declareNameFromIdentifier (C:\Users\diamo\Deskktoptop\Desktop\School\SHARC\sunrin-algorithm-frontend\node_modules\.pnpm\@babel+parser@7.29.8\node_modules\@babel\parser\lib\index.js:7588:16)
      at TypeScriptParserMixin.checkIdentifier (C:\Users\diamo\Deskktoptop\Desktop\School\SHARC\sunrin-algorithm-frontend\node_modules\.pnpm\@babel+parser@7.29.8\node_modules\@babel\parser\lib\index.js:7584:12)
      at TypeScriptParserMixin.checkLVal (C:\Users\diamo\Deskktoptop\Desktop\School\SHARC\sunrin-algorithm-frontend\node_modules\.pnpm\@babel+parser@7.29.8\node_modules\@babel\parser\lib\index.js:7521:12)
      at TypeScriptParserMixin.parseVarId (C:\Users\diamo\Deskktoptop\Desktop\School\SHARC\sunrin-algorithm-frontend\node_modules\.pnpm\@babel+parser@7.29.8\node_modules\@babel\parser\lib\index.js:13441:10)
      at TypeScriptParserMixin.parseVarId (C:\Users\diamo\Deskktoptop\Desktop\School\SHARC\sunrin-algorithm-frontend\node_modules\.pnpm\@babel+parser@7.29.8\node_modules\@babel\parser\lib\index.js:9773:11)
      at TypeScriptParserMixin.parseVar (C:\Users\diamo\Deskktoptop\Desktop\School\SHARC\sunrin-algorithm-frontend\node_modules\.pnpm\@babel+parser@7.29.8\node_modules\@babel\parser\lib\index.js:13412:12)
      at TypeScriptParserMixin.parseVarStatement (C:\Users\diamo\Deskktoptop\Desktop\School\SHARC\sunrin-algorithm-frontend\node_modules\.pnpm\@babel+parser@7.29.8\node_modules\@babel\parser\lib\index.js:13259:10)
      at TypeScriptParserMixin.parseVarStatement (C:\Users\diamo\Deskktoptop\Desktop\School\SHARC\sunrin-algorithm-frontend\node_modules\.pnpm\@babel+parser@7.29.8\node_modules\@babel\parser\lib\index.js:9429:31)
      at TypeScriptParserMixin.parseStatementContent (C:\Users\diamo\Deskktoptop\Desktop\School\SHARC\sunrin-algorithm-frontend\node_modules\.pnpm\@babel+parser@7.29.8\node_modules\@babel\parser\lib\index.js:12880:23)
      at TypeScriptParserMixin.parseStatementContent (C:\Users\diamo\Deskktoptop\Desktop\School\SHARC\sunrin-algorithm-frontend\node_modules\.pnpm\@babel+parser@7.29.8\node_modules\@babel\parser\lib\index.js:9529:18)
      at TypeScriptParserMixin.parseStatementLike (C:\Users\diamo\Deskktoptop\Desktop\School\SHARC\sunrin-algorithm-frontend\node_modules\.pnpm\@babel+parser@7.29.8\node_modules\@babel\parser\lib\index.js:12796:17)
      at TypeScriptParserMixin.parseStatementListItem (C:\Users\diamo\Deskktoptop\Desktop\School\SHARC\sunrin-algorithm-frontend\node_modules\.pnpm\@babel+parser@7.29.8\node_modules\@babel\parser\lib\index.js:12776:17)
      at TypeScriptParserMixin.parseBlockOrModuleBlockBody (C:\Users\diamo\Deskktoptop\Desktop\School\SHARC\sunrin-algorithm-frontend\node_modules\.pnpm\@babel+parser@7.29.8\node_modules\@babel\parser\lib\index.js:13345:61)
      at TypeScriptParserMixin.parseBlockBody (C:\Users\diamo\Deskktoptop\Desktop\School\SHARC\sunrin-algorithm-frontend\node_modules\.pnpm\@babel+parser@7.29.8\node_modules\@babel\parser\lib\index.js:13338:10)
      at TypeScriptParserMixin.parseBlock (C:\Users\diamo\Deskktoptop\Desktop\School\SHARC\sunrin-algorithm-frontend\node_modules\.pnpm\@babel+parser@7.29.8\node_modules\@babel\parser\lib\index.js:13326:10)
      at TypeScriptParserMixin.parseFunctionBody (C:\Users\diamo\Deskktoptop\Desktop\School\SHARC\sunrin-algorithm-frontend\node_modules\.pnpm\@babel+parser@7.29.8\node_modules\@babel\parser\lib\index.js:12129:24)
      at TypeScriptParserMixin.parseFunctionBodyAndFinish (C:\Users\diamo\Deskktoptop\Desktop\School\SHARC\sunrin-algorithm-frontend\node_modules\.pnpm\@babel+parser@7.29.8\node_modules\@babel\parser\lib\index.js:12115:10)
      at TypeScriptParserMixin.parseFunctionBodyAndFinish (C:\Users\diamo\Deskktoptop\Desktop\School\SHARC\sunrin-algorithm-frontend\node_modules\.pnpm\@babel+parser@7.29.8\node_modules\@babel\parser\lib\index.js:9193:18)
      at C:\Users\diamo\Deskktoptop\Desktop\School\SHARC\sunrin-algorithm-frontend\node_modules\.pnpm\@babel+parser@7.29.8\node_modules\@babel\parser\lib\index.js:13474:12
      at TypeScriptParserMixin.withSmartMixTopicForbiddingContext (C:\Users\diamo\Deskktoptop\Desktop\School\SHARC\sunrin-algorithm-frontend\node_modules\.pnpm\@babel+parser@7.29.8\node_modules\@babel\parser\lib\index.js:12432:14)
      at TypeScriptParserMixin.parseFunction (C:\Users\diamo\Deskktoptop\Desktop\School\SHARC\sunrin-algorithm-frontend\node_modules\.pnpm\@babel+parser@7.29.8\node_modules\@babel\parser\lib\index.js:13473:10)
      at TypeScriptParserMixin.parseExportDefaultExpression (C:\Users\diamo\Deskktoptop\Desktop\School\SHARC\sunrin-algorithm-frontend\node_modules\.pnpm\@babel+parser@7.29.8\node_modules\@babel\parser\lib\index.js:13936:19)
      at TypeScriptParserMixin.parseExportDefaultExpression (C:\Users\diamo\Deskktoptop\Desktop\School\SHARC\sunrin-algorithm-frontend\node_modules\.pnpm\@babel+parser@7.29.8\node_modules\@babel\parser\lib\index.js:9423:18)
      at TypeScriptParserMixin.parseExport (C:\Users\diamo\Deskktoptop\Desktop\School\SHARC\sunrin-algorithm-frontend\node_modules\.pnpm\@babel+parser@7.29.8\node_modules\@babel\parser\lib\index.js:13857:25)
      at TypeScriptParserMixin.parseExport (C:\Users\diamo\Deskktoptop\Desktop\School\SHARC\sunrin-algorithm-frontend\node_modules\.pnpm\@babel+parser@7.29.8\node_modules\@babel\parser\lib\index.js:9406:20)
      at TypeScriptParserMixin.parseStatementContent (C:\Users\diamo\Deskktoptop\Desktop\School\SHARC\sunrin-algorithm-frontend\node_modules\.pnpm\@babel+parser@7.29.8\node_modules\@babel\parser\lib\index.js:12907:27)
      at TypeScriptParserMixin.parseStatementContent (C:\Users\diamo\Deskktoptop\Desktop\School\SHARC\sunrin-algorithm-frontend\node_modules\.pnpm\@babel+parser@7.29.8\node_modules\@babel\parser\lib\index.js:9529:18)
      at TypeScriptParserMixin.parseStatementLike (C:\Users\diamo\Deskktoptop\Desktop\School\SHARC\sunrin-algorithm-frontend\node_modules\.pnpm\@babel+parser@7.29.8\node_modules\@babel\parser\lib\index.js:12796:17)
      at TypeScriptParserMixin.parseModuleItem (C:\Users\diamo\Deskktoptop\Desktop\School\SHARC\sunrin-algorithm-frontend\node_modules\.pnpm\@babel+parser@7.29.8\node_modules\@babel\parser\lib\index.js:12773:17)
      at TypeScriptParserMixin.parseBlockOrModuleBlockBody (C:\Users\diamo\Deskktoptop\Desktop\School\SHARC\sunrin-algorithm-frontend\node_modules\.pnpm\@babel+parser@7.29.8\node_modules\@babel\parser\lib\index.js:13345:36)
      at TypeScriptParserMixin.parseBlockBody (C:\Users\diamo\Deskktoptop\Desktop\School\SHARC\sunrin-algorithm-frontend\node_modules\.pnpm\@babel+parser@7.29.8\node_modules\@babel\parser\lib\index.js:13338:10)
      at TypeScriptParserMixin.parseProgram (C:\Users\diamo\Deskktoptop\Desktop\School\SHARC\sunrin-algorithm-frontend\node_modules\.pnpm\@babel+parser@7.29.8\node_modules\@babel\parser\lib\index.js:12651:10)
      at TypeScriptParserMixin.parseTopLevel (C:\Users\diamo\Deskktoptop\Desktop\School\SHARC\sunrin-algorithm-frontend\node_modules\.pnpm\@babel+parser@7.29.8\node_modules\@babel\parser\lib\index.js:12641:25)
      at TypeScriptParserMixin.parse (C:\Users\diamo\Deskktoptop\Desktop\School\SHARC\sunrin-algorithm-frontend\node_modules\.pnpm\@babel+parser@7.29.8\node_modules\@babel\parser\lib\index.js:14517:25)
      at TypeScriptParserMixin.parse (C:\Users\diamo\Deskktoptop\Desktop\School\SHARC\sunrin-algorithm-frontend\node_modules\.pnpm\@babel+parser@7.29.8\node_modules\@babel\parser\lib\index.js:10147:18)
      at parse (C:\Users\diamo\Deskktoptop\Desktop\School\SHARC\sunrin-algorithm-frontend\node_modules\.pnpm\@babel+parser@7.29.8\node_modules\@babel\parser\lib\index.js:14551:38)
      at parser (C:\Users\diamo\Deskktoptop\Desktop\School\SHARC\sunrin-algorithm-frontend\node_modules\.pnpm\@babel+core@7.29.7\node_modules\@babel\core\lib\parser\index.js:41:34)
      at parser.next (<anonymous>)
      at normalizeFile (C:\Users\diamo\Deskktoptop\Desktop\School\SHARC\sunrin-algorithm-frontend\node_modules\.pnpm\@babel+core@7.29.7\node_modules\@babel\core\lib\transformation\normalize-file.js:51:37)
      at normalizeFile.next (<anonymous>)
      at run (C:\Users\diamo\Deskktoptop\Desktop\School\SHARC\sunrin-algorithm-frontend\node_modules\.pnpm\@babel+core@7.29.7\node_modules\@babel\core\lib\transformation\index.js:22:50)
      at run.next (<anonymous>)
      at transform (C:\Users\diamo\Deskktoptop\Desktop\School\SHARC\sunrin-algorithm-frontend\node_modules\.pnpm\@babel+core@7.29.7\node_modules\@babel\core\lib\transform.js:22:33)
      at transform.next (<anonymous>)
      at step (C:\Users\diamo\Deskktoptop\Desktop\School\SHARC\sunrin-algorithm-frontend\node_modules\.pnpm\gensync@1.0.0-beta.2\node_modules\gensync\index.js:261:32)
[2m오후 3:49:02[22m [31m[1m[vite][22m[39m [31mInternal server error: C:\Users\diamo\Deskktoptop\Desktop\School\SHARC\sunrin-algorithm-frontend\src\components\Activities.tsx: Identifier 'hold' has already been declared. (44:8)

[0m [90m 42 |[31m   [36mconst[31m hold [33m=[31m useRef[33m<[31m[33mScrollTrigger[31m [33m|[31m [36mnull[31m[33m>[31m([36mnull[31m)
 [90m 43 |[31m   [90m/** The tree's pin. Handoff A lands its point exactly where this engages. */[31m
[31m[1m>[22m[31m[90m 44 |[31m   [36mconst[31m hold [33m=[31m useRef[33m<[31m[33mScrollTrigger[31m [33m|[31m [36mnull[31m[33m>[31m([36mnull[31m)
 [90m    |[31m         [31m[1m^[22m[31m
 [90m 45 |[31m
 [90m 46 |[31m   [36mconst[31m [layout[33m,[31m setLayout] [33m=[31m useState[33m<[31m[33mLayout[31m [33m|[31m [36mnull[31m[33m>[31m([36mnull[31m)
 [90m 47 |[31m   [36mconst[31m [visited[33m,[31m setVisited] [33m=[31m useState([35m0[31m)[0m[39m
  Plugin: [35mvite:react-babel[39m
  File: [36mC:/Users/diamo/Deskktoptop/Desktop/School/SHARC/sunrin-algorithm-frontend/src/components/Activities.tsx[39m:44:8
[33m  42 |    const hold = useRef<ScrollTrigger | null>(null)
  43 |    /** The tree's pin. Handoff A lands its point exactly where this engages. */
  44 |    const hold = useRef<ScrollTrigger | null>(null)
     |          ^
  45 |  
  46 |    const [layout, setLayout] = useState<Layout | null>(null)[39m
      at constructor (C:\Users\diamo\Deskktoptop\Desktop\School\SHARC\sunrin-algorithm-frontend\node_modules\.pnpm\@babel+parser@7.29.8\node_modules\@babel\parser\lib\index.js:369:19)
      at TypeScriptParserMixin.raise (C:\Users\diamo\Deskktoptop\Desktop\School\SHARC\sunrin-algorithm-frontend\node_modules\.pnpm\@babel+parser@7.29.8\node_modules\@babel\parser\lib\index.js:6620:19)
      at TypeScriptScopeHandler.checkRedeclarationInScope (C:\Users\diamo\Deskktoptop\Desktop\School\SHARC\sunrin-algorithm-frontend\node_modules\.pnpm\@babel+parser@7.29.8\node_modules\@babel\parser\lib\index.js:1623:19)
      at TypeScriptScopeHandler.declareName (C:\Users\diamo\Deskktoptop\Desktop\School\SHARC\sunrin-algorithm-frontend\node_modules\.pnpm\@babel+parser@7.29.8\node_modules\@babel\parser\lib\index.js:1589:12)
      at TypeScriptScopeHandler.declareName (C:\Users\diamo\Deskktoptop\Desktop\School\SHARC\sunrin-algorithm-frontend\node_modules\.pnpm\@babel+parser@7.29.8\node_modules\@babel\parser\lib\index.js:4896:11)
      at TypeScriptParserMixin.declareNameFromIdentifier (C:\Users\diamo\Deskktoptop\Desktop\School\SHARC\sunrin-algorithm-frontend\node_modules\.pnpm\@babel+parser@7.29.8\node_modules\@babel\parser\lib\index.js:7588:16)
      at TypeScriptParserMixin.checkIdentifier (C:\Users\diamo\Deskktoptop\Desktop\School\SHARC\sunrin-algorithm-frontend\node_modules\.pnpm\@babel+parser@7.29.8\node_modules\@babel\parser\lib\index.js:7584:12)
      at TypeScriptParserMixin.checkLVal (C:\Users\diamo\Deskktoptop\Desktop\School\SHARC\sunrin-algorithm-frontend\node_modules\.pnpm\@babel+parser@7.29.8\node_modules\@babel\parser\lib\index.js:7521:12)
      at TypeScriptParserMixin.parseVarId (C:\Users\diamo\Deskktoptop\Desktop\School\SHARC\sunrin-algorithm-frontend\node_modules\.pnpm\@babel+parser@7.29.8\node_modules\@babel\parser\lib\index.js:13441:10)
      at TypeScriptParserMixin.parseVarId (C:\Users\diamo\Deskktoptop\Desktop\School\SHARC\sunrin-algorithm-frontend\node_modules\.pnpm\@babel+parser@7.29.8\node_modules\@babel\parser\lib\index.js:9773:11)
      at TypeScriptParserMixin.parseVar (C:\Users\diamo\Deskktoptop\Desktop\School\SHARC\sunrin-algorithm-frontend\node_modules\.pnpm\@babel+parser@7.29.8\node_modules\@babel\parser\lib\index.js:13412:12)
      at TypeScriptParserMixin.parseVarStatement (C:\Users\diamo\Deskktoptop\Desktop\School\SHARC\sunrin-algorithm-frontend\node_modules\.pnpm\@babel+parser@7.29.8\node_modules\@babel\parser\lib\index.js:13259:10)
      at TypeScriptParserMixin.parseVarStatement (C:\Users\diamo\Deskktoptop\Desktop\School\SHARC\sunrin-algorithm-frontend\node_modules\.pnpm\@babel+parser@7.29.8\node_modules\@babel\parser\lib\index.js:9429:31)
      at TypeScriptParserMixin.parseStatementContent (C:\Users\diamo\Deskktoptop\Desktop\School\SHARC\sunrin-algorithm-frontend\node_modules\.pnpm\@babel+parser@7.29.8\node_modules\@babel\parser\lib\index.js:12880:23)
      at TypeScriptParserMixin.parseStatementContent (C:\Users\diamo\Deskktoptop\Desktop\School\SHARC\sunrin-algorithm-frontend\node_modules\.pnpm\@babel+parser@7.29.8\node_modules\@babel\parser\lib\index.js:9529:18)
      at TypeScriptParserMixin.parseStatementLike (C:\Users\diamo\Deskktoptop\Desktop\School\SHARC\sunrin-algorithm-frontend\node_modules\.pnpm\@babel+parser@7.29.8\node_modules\@babel\parser\lib\index.js:12796:17)
      at TypeScriptParserMixin.parseStatementListItem (C:\Users\diamo\Deskktoptop\Desktop\School\SHARC\sunrin-algorithm-frontend\node_modules\.pnpm\@babel+parser@7.29.8\node_modules\@babel\parser\lib\index.js:12776:17)
      at TypeScriptParserMixin.parseBlockOrModuleBlockBody (C:\Users\diamo\Deskktoptop\Desktop\School\SHARC\sunrin-algorithm-frontend\node_modules\.pnpm\@babel+parser@7.29.8\node_modules\@babel\parser\lib\index.js:13345:61)
      at TypeScriptParserMixin.parseBlockBody (C:\Users\diamo\Deskktoptop\Desktop\School\SHARC\sunrin-algorithm-frontend\node_modules\.pnpm\@babel+parser@7.29.8\node_modules\@babel\parser\lib\index.js:13338:10)
      at TypeScriptParserMixin.parseBlock (C:\Users\diamo\Deskktoptop\Desktop\School\SHARC\sunrin-algorithm-frontend\node_modules\.pnpm\@babel+parser@7.29.8\node_modules\@babel\parser\lib\index.js:13326:10)
      at TypeScriptParserMixin.parseFunctionBody (C:\Users\diamo\Deskktoptop\Desktop\School\SHARC\sunrin-algorithm-frontend\node_modules\.pnpm\@babel+parser@7.29.8\node_modules\@babel\parser\lib\index.js:12129:24)
      at TypeScriptParserMixin.parseFunctionBodyAndFinish (C:\Users\diamo\Deskktoptop\Desktop\School\SHARC\sunrin-algorithm-frontend\node_modules\.pnpm\@babel+parser@7.29.8\node_modules\@babel\parser\lib\index.js:12115:10)
      at TypeScriptParserMixin.parseFunctionBodyAndFinish (C:\Users\diamo\Deskktoptop\Desktop\School\SHARC\sunrin-algorithm-frontend\node_modules\.pnpm\@babel+parser@7.29.8\node_modules\@babel\parser\lib\index.js:9193:18)
      at C:\Users\diamo\Deskktoptop\Desktop\School\SHARC\sunrin-algorithm-frontend\node_modules\.pnpm\@babel+parser@7.29.8\node_modules\@babel\parser\lib\index.js:13474:12
      at TypeScriptParserMixin.withSmartMixTopicForbiddingContext (C:\Users\diamo\Deskktoptop\Desktop\School\SHARC\sunrin-algorithm-frontend\node_modules\.pnpm\@babel+parser@7.29.8\node_modules\@babel\parser\lib\index.js:12432:14)
      at TypeScriptParserMixin.parseFunction (C:\Users\diamo\Deskktoptop\Desktop\School\SHARC\sunrin-algorithm-frontend\node_modules\.pnpm\@babel+parser@7.29.8\node_modules\@babel\parser\lib\index.js:13473:10)
      at TypeScriptParserMixin.parseExportDefaultExpression (C:\Users\diamo\Deskktoptop\Desktop\School\SHARC\sunrin-algorithm-frontend\node_modules\.pnpm\@babel+parser@7.29.8\node_modules\@babel\parser\lib\index.js:13936:19)
      at TypeScriptParserMixin.parseExportDefaultExpression (C:\Users\diamo\Deskktoptop\Desktop\School\SHARC\sunrin-algorithm-frontend\node_modules\.pnpm\@babel+parser@7.29.8\node_modules\@babel\parser\lib\index.js:9423:18)
      at TypeScriptParserMixin.parseExport (C:\Users\diamo\Deskktoptop\Desktop\School\SHARC\sunrin-algorithm-frontend\node_modules\.pnpm\@babel+parser@7.29.8\node_modules\@babel\parser\lib\index.js:13857:25)
      at TypeScriptParserMixin.parseExport (C:\Users\diamo\Deskktoptop\Desktop\School\SHARC\sunrin-algorithm-frontend\node_modules\.pnpm\@babel+parser@7.29.8\node_modules\@babel\parser\lib\index.js:9406:20)
      at TypeScriptParserMixin.parseStatementContent (C:\Users\diamo\Deskktoptop\Desktop\School\SHARC\sunrin-algorithm-frontend\node_modules\.pnpm\@babel+parser@7.29.8\node_modules\@babel\parser\lib\index.js:12907:27)
      at TypeScriptParserMixin.parseStatementContent (C:\Users\diamo\Deskktoptop\Desktop\School\SHARC\sunrin-algorithm-frontend\node_modules\.pnpm\@babel+parser@7.29.8\node_modules\@babel\parser\lib\index.js:9529:18)
      at TypeScriptParserMixin.parseStatementLike (C:\Users\diamo\Deskktoptop\Desktop\School\SHARC\sunrin-algorithm-frontend\node_modules\.pnpm\@babel+parser@7.29.8\node_modules\@babel\parser\lib\index.js:12796:17)
      at TypeScriptParserMixin.parseModuleItem (C:\Users\diamo\Deskktoptop\Desktop\School\SHARC\sunrin-algorithm-frontend\node_modules\.pnpm\@babel+parser@7.29.8\node_modules\@babel\parser\lib\index.js:12773:17)
      at TypeScriptParserMixin.parseBlockOrModuleBlockBody (C:\Users\diamo\Deskktoptop\Desktop\School\SHARC\sunrin-algorithm-frontend\node_modules\.pnpm\@babel+parser@7.29.8\node_modules\@babel\parser\lib\index.js:13345:36)
      at TypeScriptParserMixin.parseBlockBody (C:\Users\diamo\Deskktoptop\Desktop\School\SHARC\sunrin-algorithm-frontend\node_modules\.pnpm\@babel+parser@7.29.8\node_modules\@babel\parser\lib\index.js:13338:10)
      at TypeScriptParserMixin.parseProgram (C:\Users\diamo\Deskktoptop\Desktop\School\SHARC\sunrin-algorithm-frontend\node_modules\.pnpm\@babel+parser@7.29.8\node_modules\@babel\parser\lib\index.js:12651:10)
      at TypeScriptParserMixin.parseTopLevel (C:\Users\diamo\Deskktoptop\Desktop\School\SHARC\sunrin-algorithm-frontend\node_modules\.pnpm\@babel+parser@7.29.8\node_modules\@babel\parser\lib\index.js:12641:25)
      at TypeScriptParserMixin.parse (C:\Users\diamo\Deskktoptop\Desktop\School\SHARC\sunrin-algorithm-frontend\node_modules\.pnpm\@babel+parser@7.29.8\node_modules\@babel\parser\lib\index.js:14517:25)
      at TypeScriptParserMixin.parse (C:\Users\diamo\Deskktoptop\Desktop\School\SHARC\sunrin-algorithm-frontend\node_modules\.pnpm\@babel+parser@7.29.8\node_modules\@babel\parser\lib\index.js:10147:18)
      at parse (C:\Users\diamo\Deskktoptop\Desktop\School\SHARC\sunrin-algorithm-frontend\node_modules\.pnpm\@babel+parser@7.29.8\node_modules\@babel\parser\lib\index.js:14551:38)
      at parser (C:\Users\diamo\Deskktoptop\Desktop\School\SHARC\sunrin-algorithm-frontend\node_modules\.pnpm\@babel+core@7.29.7\node_modules\@babel\core\lib\parser\index.js:41:34)
      at parser.next (<anonymous>)
      at normalizeFile (C:\Users\diamo\Deskktoptop\Desktop\School\SHARC\sunrin-algorithm-frontend\node_modules\.pnpm\@babel+core@7.29.7\node_modules\@babel\core\lib\transformation\normalize-file.js:51:37)
      at normalizeFile.next (<anonymous>)
      at run (C:\Users\diamo\Deskktoptop\Desktop\School\SHARC\sunrin-algorithm-frontend\node_modules\.pnpm\@babel+core@7.29.7\node_modules\@babel\core\lib\transformation\index.js:22:50)
      at run.next (<anonymous>)
      at transform (C:\Users\diamo\Deskktoptop\Desktop\School\SHARC\sunrin-algorithm-frontend\node_modules\.pnpm\@babel+core@7.29.7\node_modules\@babel\core\lib\transform.js:22:33)
      at transform.next (<anonymous>)
      at step (C:\Users\diamo\Deskktoptop\Desktop\School\SHARC\sunrin-algorithm-frontend\node_modules\.pnpm\gensync@1.0.0-beta.2\node_modules\gensync\index.js:261:32)
